// DO NOT EDIT: This file is machine-generated by fidlgen
#![warn(clippy::all)]
#![allow(unused_parens, unused_variables, unused_mut, unused_imports, unreachable_code)]

pub type Alias = u32;

/// The wire type corresponding to [`Alias`].
pub type WireAlias = ::fidl_next::WireU32;

pub const EXAMPLE_CONST: u32 = 0;

::fidl_next::bitflags! {
    #[derive(
        Clone,
        Copy,
        Debug,
        PartialEq,
        Eq,
        Hash,
    )]
    pub struct ExampleBits: u32 {
        const MEMBER = 1;

    }
}

impl ::fidl_next::Encodable for ExampleBits {
    type Encoded = WireExampleBits;
}

impl<___E> ::fidl_next::Encode<___E> for ExampleBits
where
    ___E: ?Sized,
{
    #[inline]
    fn encode(
        &mut self,
        _: &mut ___E,
        slot: ::fidl_next::Slot<'_, Self::Encoded>,
    ) -> Result<(), ::fidl_next::EncodeError> {
        ::fidl_next::munge!(let WireExampleBits { mut value } = slot);
        *value = ::fidl_next::WireU32::from(self.bits());
        Ok(())
    }
}

impl ::core::convert::From<WireExampleBits> for ExampleBits {
    fn from(wire: WireExampleBits) -> Self {
        Self::from_bits_retain(u32::from(wire.value))
    }
}

impl ::fidl_next::TakeFrom<WireExampleBits> for ExampleBits {
    #[inline]
    fn take_from(from: &WireExampleBits) -> Self {
        Self::from(*from)
    }
}

/// The wire type corresponding to [`ExampleBits`].
#[derive(Clone, Copy, Debug)]
#[repr(transparent)]
pub struct WireExampleBits {
    value: ::fidl_next::WireU32,
}

unsafe impl<___D> ::fidl_next::Decode<___D> for WireExampleBits
where
    ___D: ?Sized,
{
    fn decode(
        slot: ::fidl_next::Slot<'_, Self>,
        _: &mut ___D,
    ) -> Result<(), ::fidl_next::DecodeError> {
        ::fidl_next::munge!(let Self { value } = slot);
        let set = u32::from(*value);
        if set & !ExampleBits::all().bits() != 0 {
            return Err(::fidl_next::DecodeError::InvalidBits {
                expected: ExampleBits::all().bits() as usize,
                actual: set as usize,
            });
        }

        Ok(())
    }
}

impl ::core::convert::From<ExampleBits> for WireExampleBits {
    fn from(natural: ExampleBits) -> Self {
        Self { value: ::fidl_next::WireU32::from(natural.bits()) }
    }
}

#[derive(Clone, Copy, Debug, PartialEq, Eq)]
#[repr(u32)]
pub enum ExampleEnum {
    Member = 1,
}

impl ::fidl_next::Encodable for ExampleEnum {
    type Encoded = WireExampleEnum;
}

impl<___E> ::fidl_next::Encode<___E> for ExampleEnum
where
    ___E: ?Sized,
{
    #[inline]
    fn encode(
        &mut self,
        _: &mut ___E,
        slot: ::fidl_next::Slot<'_, Self::Encoded>,
    ) -> Result<(), ::fidl_next::EncodeError> {
        ::fidl_next::munge!(let WireExampleEnum { mut value } = slot);
        *value = ::fidl_next::WireU32::from(match *self {
            Self::Member => 1,
        });

        Ok(())
    }
}

impl ::core::convert::From<WireExampleEnum> for ExampleEnum {
    fn from(wire: WireExampleEnum) -> Self {
        match u32::from(wire.value) {
            1 => Self::Member,

            _ => unsafe { ::core::hint::unreachable_unchecked() },
        }
    }
}

impl ::fidl_next::TakeFrom<WireExampleEnum> for ExampleEnum {
    #[inline]
    fn take_from(from: &WireExampleEnum) -> Self {
        Self::from(*from)
    }
}

/// The wire type corresponding to [`ExampleEnum`].
#[derive(Clone, Copy, Debug, PartialEq, Eq)]
#[repr(transparent)]
pub struct WireExampleEnum {
    value: ::fidl_next::WireU32,
}

impl WireExampleEnum {
    pub const MEMBER: WireExampleEnum = WireExampleEnum { value: ::fidl_next::WireU32(1) };
}

unsafe impl<___D> ::fidl_next::Decode<___D> for WireExampleEnum
where
    ___D: ?Sized,
{
    fn decode(
        slot: ::fidl_next::Slot<'_, Self>,
        _: &mut ___D,
    ) -> Result<(), ::fidl_next::DecodeError> {
        ::fidl_next::munge!(let Self { value } = slot);

        match u32::from(*value) {
            1 => (),
            unknown => return Err(::fidl_next::DecodeError::InvalidEnumOrdinal(unknown as i128)),
        }

        Ok(())
    }
}

impl ::core::convert::From<ExampleEnum> for WireExampleEnum {
    fn from(natural: ExampleEnum) -> Self {
        match natural {
            ExampleEnum::Member => WireExampleEnum::MEMBER,
        }
    }
}

#[derive(Clone, Debug)]
#[repr(C)]
pub struct ExampleProtocolMethodRequest {
    pub arg: ::fidl_next_test_exampleusing::Empty,
}

impl ::fidl_next::Encodable for ExampleProtocolMethodRequest {
    const COPY_OPTIMIZATION: ::fidl_next::CopyOptimization<Self> = unsafe {
        ::fidl_next::CopyOptimization::enable_if(
            true

                && <
                    ::fidl_next_test_exampleusing::Empty as ::fidl_next::Encodable
                >::COPY_OPTIMIZATION.is_enabled()

        )
    };

    type Encoded = WireExampleProtocolMethodRequest;
}

impl<___E> ::fidl_next::Encode<___E> for ExampleProtocolMethodRequest
where
    ___E: ::fidl_next::encoder::InternalHandleEncoder + ?Sized,
{
    #[inline]
    fn encode(
        &mut self,
        encoder: &mut ___E,
        slot: ::fidl_next::Slot<'_, Self::Encoded>,
    ) -> Result<(), ::fidl_next::EncodeError> {
        ::fidl_next::munge! {
            let Self::Encoded {
                arg,

            } = slot;
        }

        ::fidl_next::Encode::encode(&mut self.arg, encoder, arg)?;

        Ok(())
    }
}

impl ::fidl_next::EncodableOption for Box<ExampleProtocolMethodRequest> {
    type EncodedOption = ::fidl_next::WireBox<WireExampleProtocolMethodRequest>;
}

impl<___E> ::fidl_next::EncodeOption<___E> for Box<ExampleProtocolMethodRequest>
where
    ___E: ::fidl_next::Encoder + ?Sized,
    ExampleProtocolMethodRequest: ::fidl_next::Encode<___E>,
{
    #[inline]
    fn encode_option(
        this: Option<&mut Self>,
        encoder: &mut ___E,
        slot: ::fidl_next::Slot<'_, Self::EncodedOption>,
    ) -> Result<(), ::fidl_next::EncodeError> {
        if let Some(inner) = this {
            ::fidl_next::EncoderExt::encode_next(encoder, inner)?;
            ::fidl_next::WireBox::encode_present(slot);
        } else {
            ::fidl_next::WireBox::encode_absent(slot);
        }

        Ok(())
    }
}

impl ::fidl_next::TakeFrom<WireExampleProtocolMethodRequest> for ExampleProtocolMethodRequest {
    const COPY_OPTIMIZATION: ::fidl_next::CopyOptimization<Self> = unsafe {
        ::fidl_next::CopyOptimization::enable_if(
            true

                && <
                    ::fidl_next_test_exampleusing::Empty as ::fidl_next::Encodable
                >::COPY_OPTIMIZATION.is_enabled()

        )
    };

    #[inline]
    fn take_from(from: &WireExampleProtocolMethodRequest) -> Self {
        Self { arg: ::fidl_next::TakeFrom::take_from(&from.arg) }
    }
}

/// The wire type corersponding to [`ExampleProtocolMethodRequest`].
#[derive(Clone, Debug)]
#[repr(C)]
pub struct WireExampleProtocolMethodRequest {
    pub arg: ::fidl_next_test_exampleusing::WireEmpty,
}

unsafe impl<___D> ::fidl_next::Decode<___D> for WireExampleProtocolMethodRequest
where
    ___D: ::fidl_next::decoder::InternalHandleDecoder + ?Sized,
{
    fn decode(
        slot: ::fidl_next::Slot<'_, Self>,
        decoder: &mut ___D,
    ) -> Result<(), ::fidl_next::DecodeError> {
        ::fidl_next::munge! {
            let Self {
                mut arg,

            } = slot;
        }

        ::fidl_next::Decode::decode(arg.as_mut(), decoder)?;

        Ok(())
    }
}

/// The type corresponding to the ExampleProtocol protocol.
#[derive(Debug)]
pub struct ExampleProtocol;

pub mod example_protocol {

    pub struct Method;

    impl ::fidl_next::Method for Method {
        const ORDINAL: u64 = 6023439637367187273;

        type Protocol = crate::ExampleProtocol;

        type Request = crate::WireExampleProtocolMethodRequest;

        type Response = ::fidl_next::Never;
    }
}

/// A helper trait for the `ExampleProtocol` client sender.
pub trait ExampleProtocolClientSender {
    type Transport: ::fidl_next::Transport;

    fn method<___R>(
        &self,
        request: &mut ___R,
    ) -> Result<::fidl_next::SendFuture<'_, Self::Transport>, ::fidl_next::EncodeError>
    where
        ___R: ::fidl_next::Encode<
            <Self::Transport as ::fidl_next::Transport>::SendBuffer,
            Encoded = crate::WireExampleProtocolMethodRequest,
        >;
}

impl<___T> ExampleProtocolClientSender for ::fidl_next::ClientSender<___T, ExampleProtocol>
where
    ___T: ::fidl_next::Transport,
{
    type Transport = ___T;

    fn method<___R>(
        &self,
        request: &mut ___R,
    ) -> Result<::fidl_next::SendFuture<'_, Self::Transport>, ::fidl_next::EncodeError>
    where
        ___R: ::fidl_next::Encode<
            <Self::Transport as ::fidl_next::Transport>::SendBuffer,
            Encoded = crate::WireExampleProtocolMethodRequest,
        >,
    {
        self.as_untyped().send_one_way(6023439637367187273, request)
    }
}

/// A client handler for the ExampleProtocol protocol.
///
/// See [`ExampleProtocol`] for more details.
pub trait ExampleProtocolClientHandler<___T: ::fidl_next::Transport> {}

impl<___T, ___H> ::fidl_next::ClientProtocol<___T, ___H> for ExampleProtocol
where
    ___T: ::fidl_next::Transport,
    ___H: ExampleProtocolClientHandler<___T>,
{
    fn on_event(
        handler: &mut ___H,
        sender: &::fidl_next::ClientSender<___T, Self>,
        ordinal: u64,
        buffer: ___T::RecvBuffer,
    ) {
        match ordinal {
            ordinal => {
                sender.close();
            }
        }
    }
}

/// A helper trait for the `ExampleProtocol` server sender.
pub trait ExampleProtocolServerSender {
    type Transport: ::fidl_next::Transport;
}

impl<___T> ExampleProtocolServerSender for ::fidl_next::ServerSender<___T, ExampleProtocol>
where
    ___T: ::fidl_next::Transport,
{
    type Transport = ___T;
}

/// A server handler for the ExampleProtocol protocol.
///
/// See [`ExampleProtocol`] for more details.
pub trait ExampleProtocolServerHandler<___T: ::fidl_next::Transport> {
    fn method(
        &mut self,
        sender: &::fidl_next::ServerSender<___T, ExampleProtocol>,

        request: ::fidl_next::RequestBuffer<___T, example_protocol::Method>,
    );
}

impl<___T, ___H> ::fidl_next::ServerProtocol<___T, ___H> for ExampleProtocol
where
    ___T: ::fidl_next::Transport,
    ___H: ExampleProtocolServerHandler<___T>,

    crate::WireExampleProtocolMethodRequest:
        ::fidl_next::Decode<<___T as ::fidl_next::Transport>::RecvBuffer>,
{
    fn on_one_way(
        handler: &mut ___H,
        sender: &::fidl_next::ServerSender<___T, Self>,
        ordinal: u64,
        buffer: ___T::RecvBuffer,
    ) {
        match ordinal {
            6023439637367187273 => {
                let buffer = ::fidl_next::RequestBuffer::from_untyped(buffer);
                handler.method(sender, buffer);
            }

            ordinal => {
                sender.close();
            }
        }
    }

    fn on_two_way(
        handler: &mut ___H,
        sender: &::fidl_next::ServerSender<___T, Self>,
        ordinal: u64,
        buffer: ___T::RecvBuffer,
        responder: ::fidl_next::protocol::Responder,
    ) {
        match ordinal {
            ordinal => {
                sender.close();
            }
        }
    }
}

#[derive(Clone, Debug)]
#[repr(C)]
pub struct ExampleStruct {
    pub member: u32,
}

impl ::fidl_next::Encodable for ExampleStruct {
    const COPY_OPTIMIZATION: ::fidl_next::CopyOptimization<Self> = unsafe {
        ::fidl_next::CopyOptimization::enable_if(
            true && <u32 as ::fidl_next::Encodable>::COPY_OPTIMIZATION.is_enabled(),
        )
    };

    type Encoded = WireExampleStruct;
}

impl<___E> ::fidl_next::Encode<___E> for ExampleStruct
where
    ___E: ::fidl_next::encoder::InternalHandleEncoder + ?Sized,
{
    #[inline]
    fn encode(
        &mut self,
        encoder: &mut ___E,
        slot: ::fidl_next::Slot<'_, Self::Encoded>,
    ) -> Result<(), ::fidl_next::EncodeError> {
        ::fidl_next::munge! {
            let Self::Encoded {
                member,

            } = slot;
        }

        ::fidl_next::Encode::encode(&mut self.member, encoder, member)?;

        Ok(())
    }
}

impl ::fidl_next::EncodableOption for Box<ExampleStruct> {
    type EncodedOption = ::fidl_next::WireBox<WireExampleStruct>;
}

impl<___E> ::fidl_next::EncodeOption<___E> for Box<ExampleStruct>
where
    ___E: ::fidl_next::Encoder + ?Sized,
    ExampleStruct: ::fidl_next::Encode<___E>,
{
    #[inline]
    fn encode_option(
        this: Option<&mut Self>,
        encoder: &mut ___E,
        slot: ::fidl_next::Slot<'_, Self::EncodedOption>,
    ) -> Result<(), ::fidl_next::EncodeError> {
        if let Some(inner) = this {
            ::fidl_next::EncoderExt::encode_next(encoder, inner)?;
            ::fidl_next::WireBox::encode_present(slot);
        } else {
            ::fidl_next::WireBox::encode_absent(slot);
        }

        Ok(())
    }
}

impl ::fidl_next::TakeFrom<WireExampleStruct> for ExampleStruct {
    const COPY_OPTIMIZATION: ::fidl_next::CopyOptimization<Self> = unsafe {
        ::fidl_next::CopyOptimization::enable_if(
            true && <u32 as ::fidl_next::Encodable>::COPY_OPTIMIZATION.is_enabled(),
        )
    };

    #[inline]
    fn take_from(from: &WireExampleStruct) -> Self {
        Self { member: ::fidl_next::TakeFrom::take_from(&from.member) }
    }
}

/// The wire type corersponding to [`ExampleStruct`].
#[derive(Clone, Debug)]
#[repr(C)]
pub struct WireExampleStruct {
    pub member: ::fidl_next::WireU32,
}

unsafe impl<___D> ::fidl_next::Decode<___D> for WireExampleStruct
where
    ___D: ::fidl_next::decoder::InternalHandleDecoder + ?Sized,
{
    fn decode(
        slot: ::fidl_next::Slot<'_, Self>,
        decoder: &mut ___D,
    ) -> Result<(), ::fidl_next::DecodeError> {
        ::fidl_next::munge! {
            let Self {
                mut member,

            } = slot;
        }

        ::fidl_next::Decode::decode(member.as_mut(), decoder)?;

        Ok(())
    }
}

#[derive(Clone, Debug)]
pub struct ExampleTable {
    pub member: Option<u32>,
}

impl ExampleTable {
    fn __max_ordinal(&self) -> usize {
        if self.member.is_some() {
            return 1;
        }

        0
    }
}

impl ::fidl_next::Encodable for ExampleTable {
    type Encoded = WireExampleTable;
}

impl<___E> ::fidl_next::Encode<___E> for ExampleTable
where
    ___E: ::fidl_next::Encoder + ?Sized,
{
    #[inline]
    fn encode(
        &mut self,
        encoder: &mut ___E,
        slot: ::fidl_next::Slot<'_, Self::Encoded>,
    ) -> Result<(), ::fidl_next::EncodeError> {
        ::fidl_next::munge!(let WireExampleTable { table } = slot);

        let max_ord = self.__max_ordinal();

        let mut backing = ::core::mem::MaybeUninit::<::fidl_next::WireEnvelope>::uninit();
        let mut preallocated =
            ::fidl_next::EncoderExt::preallocate::<::fidl_next::WireEnvelope>(encoder, max_ord);

        for i in 1..=max_ord {
            let mut slot = ::fidl_next::Slot::new(&mut backing);
            match i {
                1 => {
                    if let Some(member) = &mut self.member {
                        ::fidl_next::WireEnvelope::encode_value(
                            member,
                            preallocated.encoder,
                            slot.as_mut(),
                        )?;
                    } else {
                        ::fidl_next::WireEnvelope::encode_zero(slot.as_mut())
                    }
                }

                _ => ::fidl_next::WireEnvelope::encode_zero(slot.as_mut()),
            }
            preallocated.write_next(slot);
        }

        ::fidl_next::WireTable::encode_len(table, max_ord);

        Ok(())
    }
}

impl ::fidl_next::TakeFrom<WireExampleTable> for ExampleTable {
    #[inline]
    fn take_from(from: &WireExampleTable) -> Self {
        Self { member: from.member().map(::fidl_next::TakeFrom::take_from) }
    }
}

/// The wire type corresponding to [`ExampleTable`].
#[repr(C)]
pub struct WireExampleTable {
    table: ::fidl_next::WireTable,
}

unsafe impl<___D> ::fidl_next::Decode<___D> for WireExampleTable
where
    ___D: ::fidl_next::Decoder + ?Sized,
{
    fn decode(
        slot: ::fidl_next::Slot<'_, Self>,
        decoder: &mut ___D,
    ) -> Result<(), ::fidl_next::DecodeError> {
        ::fidl_next::munge!(let Self { table } = slot);

        ::fidl_next::WireTable::decode_with(table, decoder, |ordinal, mut slot, decoder| {
            match ordinal {
                0 => unsafe { ::core::hint::unreachable_unchecked() },

                1 => {
                    ::fidl_next::WireEnvelope::decode_as::<___D, ::fidl_next::WireU32>(
                        slot.as_mut(),
                        decoder,
                    )?;

                    Ok(())
                }

                _ => ::fidl_next::WireEnvelope::decode_unknown(slot, decoder),
            }
        })
    }
}

impl WireExampleTable {
    pub fn member(&self) -> Option<&::fidl_next::WireU32> {
        unsafe { Some(self.table.get(1)?.deref_unchecked()) }
    }
}

impl ::core::fmt::Debug for WireExampleTable {
    fn fmt(&self, f: &mut ::core::fmt::Formatter<'_>) -> Result<(), ::core::fmt::Error> {
        f.debug_struct("ExampleTable").field("member", &self.member()).finish()
    }
}

#[derive(Clone, Debug)]
pub enum ExampleUnion {
    Variant(u32),
}

impl ::fidl_next::Encodable for ExampleUnion {
    type Encoded = WireExampleUnion;
}

impl<___E> ::fidl_next::Encode<___E> for ExampleUnion
where
    ___E: ::fidl_next::encoder::InternalHandleEncoder + ?Sized,
{
    #[inline]
    fn encode(
        &mut self,
        encoder: &mut ___E,
        slot: ::fidl_next::Slot<'_, Self::Encoded>,
    ) -> Result<(), ::fidl_next::EncodeError> {
        ::fidl_next::munge!(let WireExampleUnion { raw } = slot);

        match self {
            Self::Variant(value) => {
                ::fidl_next::RawWireUnion::encode_as_static::<___E, u32>(value, 1, encoder, raw)?
            }
        }

        Ok(())
    }
}

impl ::fidl_next::EncodableOption for Box<ExampleUnion> {
    type EncodedOption = WireOptionalExampleUnion;
}

impl<___E> ::fidl_next::EncodeOption<___E> for Box<ExampleUnion>
where
    ___E: ?Sized,
    ExampleUnion: ::fidl_next::Encode<___E>,
{
    #[inline]
    fn encode_option(
        this: Option<&mut Self>,
        encoder: &mut ___E,
        mut slot: ::fidl_next::Slot<'_, Self::EncodedOption>,
    ) -> Result<(), ::fidl_next::EncodeError> {
        ::fidl_next::munge!(let WireOptionalExampleUnion { raw } = slot.as_mut());

        if let Some(inner) = this {
            let slot = unsafe { ::fidl_next::Slot::new_unchecked(slot.as_mut_ptr().cast()) };
            ::fidl_next::Encode::encode(&mut **inner, encoder, slot)?;
        } else {
            ::fidl_next::RawWireUnion::encode_absent(raw);
        }

        Ok(())
    }
}

impl ::fidl_next::TakeFrom<WireExampleUnion> for ExampleUnion {
    #[inline]
    fn take_from(from: &WireExampleUnion) -> Self {
        match from.raw.ordinal() {
            1 => Self::Variant(::fidl_next::TakeFrom::take_from(unsafe {
                from.raw.get().deref_unchecked()
            })),

            _ => unsafe { ::core::hint::unreachable_unchecked() },
        }
    }
}

impl ::fidl_next::TakeFrom<WireOptionalExampleUnion> for Option<Box<ExampleUnion>> {
    #[inline]
    fn take_from(from: &WireOptionalExampleUnion) -> Self {
        if let Some(inner) = from.as_ref() {
            Some(::fidl_next::TakeFrom::take_from(inner))
        } else {
            None
        }
    }
}

/// The wire type corresponding to [`ExampleUnion`].
#[repr(transparent)]
pub struct WireExampleUnion {
    raw: ::fidl_next::RawWireUnion,
}

pub mod example_union {
    pub enum Ref<'union> {
        Variant(&'union ::fidl_next::WireU32),
    }
}

impl WireExampleUnion {
    pub fn as_ref(&self) -> crate::example_union::Ref<'_> {
        match self.raw.ordinal() {
            1 => crate::example_union::Ref::Variant(unsafe { self.raw.get().deref_unchecked() }),

            _ => unsafe { ::core::hint::unreachable_unchecked() },
        }
    }
}

impl Clone for WireExampleUnion {
    fn clone(&self) -> Self {
        match self.raw.ordinal() {
            1 => Self { raw: unsafe { self.raw.clone_unchecked::<::fidl_next::WireU32>() } },

            _ => unsafe { ::core::hint::unreachable_unchecked() },
        }
    }
}

unsafe impl<___D> ::fidl_next::Decode<___D> for WireExampleUnion
where
    ___D: ::fidl_next::decoder::InternalHandleDecoder + ?Sized,
{
    fn decode(
        mut slot: ::fidl_next::Slot<'_, Self>,
        decoder: &mut ___D,
    ) -> Result<(), ::fidl_next::DecodeError> {
        ::fidl_next::munge!(let Self { mut raw } = slot.as_mut());
        match ::fidl_next::RawWireUnion::encoded_ordinal(raw.as_mut()) {
            1 => ::fidl_next::RawWireUnion::decode_as_static::<___D, ::fidl_next::WireU32>(
                raw, decoder,
            )?,

            ord => return Err(::fidl_next::DecodeError::InvalidUnionOrdinal(ord as usize)),
        }

        Ok(())
    }
}

impl ::core::fmt::Debug for WireExampleUnion {
    fn fmt(&self, f: &mut ::core::fmt::Formatter<'_>) -> ::core::fmt::Result {
        match self.raw.ordinal() {
            1 => unsafe { self.raw.get().deref_unchecked::<::fidl_next::WireU32>().fmt(f) },
            _ => unsafe { ::core::hint::unreachable_unchecked() },
        }
    }
}

#[repr(transparent)]
pub struct WireOptionalExampleUnion {
    raw: ::fidl_next::RawWireUnion,
}

impl WireOptionalExampleUnion {
    pub fn is_some(&self) -> bool {
        self.raw.is_some()
    }

    pub fn is_none(&self) -> bool {
        self.raw.is_none()
    }

    pub fn as_ref(&self) -> Option<&WireExampleUnion> {
        if self.is_some() {
            Some(unsafe { &*(self as *const Self).cast() })
        } else {
            None
        }
    }
}

impl Clone for WireOptionalExampleUnion {
    fn clone(&self) -> Self {
        if self.is_none() {
            return WireOptionalExampleUnion { raw: ::fidl_next::RawWireUnion::absent() };
        }

        match self.raw.ordinal() {
            1 => Self { raw: unsafe { self.raw.clone_unchecked::<::fidl_next::WireU32>() } },

            _ => unsafe { ::core::hint::unreachable_unchecked() },
        }
    }
}

unsafe impl<___D> ::fidl_next::Decode<___D> for WireOptionalExampleUnion
where
    ___D: ::fidl_next::decoder::InternalHandleDecoder + ?Sized,
{
    fn decode(
        mut slot: ::fidl_next::Slot<'_, Self>,
        decoder: &mut ___D,
    ) -> Result<(), ::fidl_next::DecodeError> {
        ::fidl_next::munge!(let Self { mut raw } = slot.as_mut());
        match ::fidl_next::RawWireUnion::encoded_ordinal(raw.as_mut()) {
            1 => ::fidl_next::RawWireUnion::decode_as_static::<___D, ::fidl_next::WireU32>(
                raw, decoder,
            )?,

            0 => ::fidl_next::RawWireUnion::decode_absent(raw)?,
            _ => ::fidl_next::RawWireUnion::decode_unknown_static(raw, decoder)?,
        }

        Ok(())
    }
}

impl ::core::fmt::Debug for WireOptionalExampleUnion {
    fn fmt(&self, f: &mut ::core::fmt::Formatter<'_>) -> ::core::fmt::Result {
        self.as_ref().fmt(f)
    }
}

/// Commonly-used items that should usually be in scope, such as extension traits.
pub mod prelude {
    pub use super::{ExampleProtocolClientSender, ExampleProtocolServerSender};
}

/// Compatibility shims which mimic some API surfaces of the current Rust bindings.
pub mod compat {

    #[cfg(target_os = "fuchsia")]
    /// An alias for a client sender over `zx::Channel` for the `ExampleProtocol`
    /// protocol.
    pub type ExampleProtocolProxy =
        ::fidl_next::ClientSender<::fidl_next::fuchsia::zx::Channel, crate::ExampleProtocol>;
}
