{
  "$schema": "http://json-schema.org/draft-07/schema#",
  "title": "StatusUpdate",
  "type": "object",
  "required": [
    "message",
    "status"
  ],
  "properties": {
    "status": {
      "$ref": "#/definitions/NotificationType"
    },
    "message": {
      "type": "string"
    }
  },
  "definitions": {
    "NotificationType": {
      "type": "string",
      "enum": [
        "Info",
        "Success",
        "Warning",
        "Error"
      ]
    }
  }
}