// WARNING: This file is machine generated by fidlgen.

// fidl_experiment = output_index_json

#include <fidl/test.driverservice/cpp/type_conversions.h>

#pragma clang diagnostic push
#pragma clang diagnostic ignored "-Wshadow"

namespace fidl {
namespace internal {

#pragma clang diagnostic pop

}  // namespace internal
}  // namespace fidl
