// WARNING: This file is machine generated by fidlgen.

// fidl_experiment = output_index_json

#ifdef __Fuchsia__

#include <fidl/test.emptystruct/cpp/natural_messaging.h>
#include <fidl/test.emptystruct/cpp/wire_messaging.h>
#include <lib/fidl/cpp/wire/unknown_interactions.h>

#pragma clang diagnostic push
#pragma clang diagnostic ignored "-Wshadow"

namespace test_emptystruct {

[[maybe_unused]]
constexpr inline uint64_t kEmptyProtocol_Send_Ordinal = 1378773277029173000lu;

[[maybe_unused]]
constexpr inline ::fidl::MessageDynamicFlags kEmptyProtocol_Send_DynamicFlags = ::fidl::MessageDynamicFlags::kStrictMethod;

[[maybe_unused]]
constexpr inline uint64_t kEmptyProtocol_Receive_Ordinal = 2301564782476583487lu;

[[maybe_unused]]
constexpr inline ::fidl::MessageDynamicFlags kEmptyProtocol_Receive_DynamicFlags = ::fidl::MessageDynamicFlags::kStrictMethod;

[[maybe_unused]]
constexpr inline uint64_t kEmptyProtocol_SendAndReceive_Ordinal = 534401212734647530lu;

[[maybe_unused]]
constexpr inline ::fidl::MessageDynamicFlags kEmptyProtocol_SendAndReceive_DynamicFlags = ::fidl::MessageDynamicFlags::kStrictMethod;
}  // namespace test_emptystruct

::fidl::Response<::test_emptystruct::EmptyProtocol::SendAndReceive>::Response(::test_emptystruct::EmptyProtocolSendAndReceiveResponse v) : EmptyProtocolSendAndReceiveResponse(std::move(v)) {}

::fidl::internal::NaturalThenable<::test_emptystruct::EmptyProtocol::SendAndReceive>
fidl::internal::NaturalClientImpl<::test_emptystruct::EmptyProtocol>::SendAndReceive(const ::fidl::Request<::test_emptystruct::EmptyProtocol::SendAndReceive>& request) const {
  return ::fidl::internal::NaturalThenable<::test_emptystruct::EmptyProtocol::SendAndReceive>(
      &client_base(), {}, &::fidl::internal::ChannelTransport::VTable, ::test_emptystruct::kEmptyProtocol_SendAndReceive_Ordinal, ::test_emptystruct::kEmptyProtocol_SendAndReceive_DynamicFlags,
      [request = request](NaturalMessageEncoder& encoder) mutable {
        encoder.EncodeBody(request);
        return ZX_OK;
      },
      [](
          ::fidl::internal::ThenableBase* base,
          ::fidl::internal::NaturalMessageEncoder& encoder,
          ::fidl::internal::ResponseContext* response_context) {
        ::fidl::OutgoingMessage msg = encoder.GetMessage();
        return base->SendTwoWay(msg, response_context);
      });
}

::fit::result<::fidl::OneWayError>
fidl::internal::NaturalClientImpl<::test_emptystruct::EmptyProtocol>::Send(const ::fidl::Request<::test_emptystruct::EmptyProtocol::Send>& request) const {
  ::fidl::internal::NaturalMessageEncoder _encoder{
      &::fidl::internal::ChannelTransport::VTable, ::test_emptystruct::kEmptyProtocol_Send_Ordinal, ::test_emptystruct::kEmptyProtocol_Send_DynamicFlags};
  _encoder.EncodeBody(request);

  ::fidl::OutgoingMessage _encoded_message = _encoder.GetMessage();
  ::fidl::OneWayStatus status = client_base().SendOneWay(_encoded_message);
  return ::fidl::internal::ToFitxResult(status);
}

::fidl::Result<::test_emptystruct::EmptyProtocol::SendAndReceive>
fidl::internal::NaturalSyncClientImpl<::test_emptystruct::EmptyProtocol>::SendAndReceive(const ::fidl::Request<::test_emptystruct::EmptyProtocol::SendAndReceive>& request) {
  ::fidl::internal::NaturalMessageEncoder encoder{
      &::fidl::internal::ChannelTransport::VTable, ::test_emptystruct::kEmptyProtocol_SendAndReceive_Ordinal, ::test_emptystruct::kEmptyProtocol_SendAndReceive_DynamicFlags};
  encoder.EncodeBody(request);
  ::fidl::OutgoingMessage msg = encoder.GetMessage();
  ::fidl::internal::IncomingMessageStorage<::fidl::internal::TransactionalResponse<::test_emptystruct::EmptyProtocol::SendAndReceive>> response_storage;
  return ::fidl::internal::DecodeResponseAndFoldError<::test_emptystruct::EmptyProtocol::SendAndReceive>(
      msg.Call(_client_end().handle(), response_storage.view()), nullptr);
}

::fit::result<::fidl::OneWayError>
fidl::internal::NaturalSyncClientImpl<::test_emptystruct::EmptyProtocol>::Send(const ::fidl::Request<::test_emptystruct::EmptyProtocol::Send>& request) {
  ::fidl::internal::NaturalMessageEncoder encoder{
      &::fidl::internal::ChannelTransport::VTable, ::test_emptystruct::kEmptyProtocol_Send_Ordinal, ::test_emptystruct::kEmptyProtocol_Send_DynamicFlags};
  encoder.EncodeBody(request);
  ::fidl::OutgoingMessage msg = encoder.GetMessage();
  msg.Write(_client_end().handle());
  return ::fidl::internal::ToFitxResult(::fidl::OneWayStatus{msg});
}

::fidl::UnownedClientEnd<::test_emptystruct::EmptyProtocol> fidl::internal::NaturalSyncClientImpl<::test_emptystruct::EmptyProtocol>::_client_end() const {
  return ::fidl::UnownedClientEnd<::test_emptystruct::EmptyProtocol>(
      _transport().get<::fidl::internal::ChannelTransport>());
}

::fidl::Status fidl::SyncEventHandler<::test_emptystruct::EmptyProtocol>::HandleOneEvent(
    ::fidl::UnownedClientEnd<::test_emptystruct::EmptyProtocol> client_end) {
  ::fidl::internal::IncomingEventsStorage<::test_emptystruct::EmptyProtocol> event_storage;
  fidl::internal::NaturalEventDispatcher<::test_emptystruct::EmptyProtocol> dispatcher{this};
  return HandleOneEventImpl_(client_end.channel(), event_storage.view(), dispatcher);
}
::fidl::Status
fidl::internal::NaturalEventDispatcher<::test_emptystruct::EmptyProtocol>::DispatchEvent(
    ::fidl::IncomingHeaderAndMessage& msg,
    ::fidl::internal::MessageStorageViewBase* storage_view) {
  switch (msg.header()->ordinal) {
    case ::test_emptystruct::kEmptyProtocol_Receive_Ordinal: {
      ::fit::result decoded = ::fidl::internal::DecodeTransactionalMessage<::test_emptystruct::EmptyProtocolReceiveRequest>(std::move(msg));
      if (decoded.is_error()) {
        return decoded.error_value();
      }
      if (event_handler()) {
        ::fidl::Event<::test_emptystruct::EmptyProtocol::Receive> event = std::move(decoded.value());
        event_handler()->Receive(event);
      }
      return ::fidl::Status::Ok();
    }
    default:
      std::move(msg).CloseHandles();
      return ::fidl::Status::UnknownOrdinal();
  }
}

::fidl::internal::NaturalEventDispatcher<::test_emptystruct::EmptyProtocol>::NaturalEventDispatcher(::fidl::internal::NaturalEventHandlerInterface<::test_emptystruct::EmptyProtocol>* event_handler)
    : IncomingEventDispatcher(event_handler) {}
void fidl::AsyncEventHandler<::test_emptystruct::EmptyProtocol>::Receive(::fidl::Event<::test_emptystruct::EmptyProtocol::Receive>&) {}

::fit::result<::fidl::OneWayError> fidl::internal::NaturalWeakEventSender<::test_emptystruct::EmptyProtocol>::Receive(const ::test_emptystruct::EmptyProtocolReceiveRequest& payload) {
  ::fidl::internal::NaturalMessageEncoder _encoder{
      &::fidl::internal::ChannelTransport::VTable, ::test_emptystruct::kEmptyProtocol_Receive_Ordinal, ::test_emptystruct::kEmptyProtocol_Receive_DynamicFlags};
  _encoder.EncodeBody(payload);
  ::fidl::OutgoingMessage _encoded_message = _encoder.GetMessage();
  return ::fidl::internal::ToFitxResult(_inner().SendEvent(_encoded_message));
}

::fit::result<::fidl::OneWayError> fidl::internal::NaturalEventSender<::test_emptystruct::EmptyProtocol>::Receive(const ::test_emptystruct::EmptyProtocolReceiveRequest& payload) {
  ::fidl::internal::NaturalMessageEncoder _encoder{
      &::fidl::internal::ChannelTransport::VTable, ::test_emptystruct::kEmptyProtocol_Receive_Ordinal, ::test_emptystruct::kEmptyProtocol_Receive_DynamicFlags};
  _encoder.EncodeBody(payload);
  ::fidl::OutgoingMessage _encoded_message = _encoder.GetMessage();
  _encoded_message.Write(_transport());
  return ::fidl::internal::ToFitxResult(::fidl::OneWayStatus{::fidl::Status{_encoded_message}});
}

void fidl::internal::NaturalCompleterBase<::test_emptystruct::EmptyProtocol::SendAndReceive>::Reply(const ::fidl::Response<::test_emptystruct::EmptyProtocol::SendAndReceive>& response) {
  ::fidl::internal::NaturalMessageEncoder _encoder{
      &::fidl::internal::ChannelTransport::VTable, ::test_emptystruct::kEmptyProtocol_SendAndReceive_Ordinal, ::test_emptystruct::kEmptyProtocol_SendAndReceive_DynamicFlags};
  _encoder.EncodeBody(
      ::fidl::internal::ResponseMessageConverter<::test_emptystruct::EmptyProtocol::SendAndReceive>::IntoDomainObject(response));
  ::fidl::OutgoingMessage _encoded_message = _encoder.GetMessage();
  SendReply(&_encoded_message, ::fidl::internal::OutgoingTransportContext{});
}

::fidl::ProtocolHandler<::test_emptystruct::EmptyProtocol> fidl::Server<::test_emptystruct::EmptyProtocol>::bind_handler(async_dispatcher_t* dispatcher) {
  return [impl = this, dispatcher = dispatcher](::fidl::ServerEnd<::test_emptystruct::EmptyProtocol> request) {
    (void)::fidl::BindServer(dispatcher, std::move(request), impl);
  };
}

constexpr ::fidl::internal::MethodEntry fidl::internal::NaturalServerDispatcher<::test_emptystruct::EmptyProtocol>::entries_[] = {
    {
        ::test_emptystruct::kEmptyProtocol_Send_Ordinal,
        [](void* interface, ::fidl::EncodedMessage& msg, ::fidl::WireFormatMetadata metadata,
           internal::MessageStorageViewBase* storage_view, ::fidl::Transaction* txn) {
          ::fit::result decoded = ::fidl::StandaloneDecode<::test_emptystruct::EmptyProtocolSendRequest>(
              std::move(msg), metadata);
          if (decoded.is_error()) {
            return decoded.error_value();
          }
          ::fidl::internal::NaturalCompleter<::test_emptystruct::EmptyProtocol::Send>::Sync completer(txn);
          static_cast<::fidl::Server<::test_emptystruct::EmptyProtocol>*>(interface)->Send(
              decoded.value(),
              completer);
          return ::fidl::Status::Ok();
        },
    },
    {
        ::test_emptystruct::kEmptyProtocol_SendAndReceive_Ordinal,
        [](void* interface, ::fidl::EncodedMessage& msg, ::fidl::WireFormatMetadata metadata,
           internal::MessageStorageViewBase* storage_view, ::fidl::Transaction* txn) {
          ::fit::result decoded = ::fidl::StandaloneDecode<::test_emptystruct::EmptyProtocolSendAndReceiveRequest>(
              std::move(msg), metadata);
          if (decoded.is_error()) {
            return decoded.error_value();
          }
          ::fidl::internal::NaturalCompleter<::test_emptystruct::EmptyProtocol::SendAndReceive>::Sync completer(txn);
          static_cast<::fidl::Server<::test_emptystruct::EmptyProtocol>*>(interface)->SendAndReceive(
              decoded.value(),
              completer);
          return ::fidl::Status::Ok();
        },
    },
};

const ::fidl::internal::MethodEntry* fidl::internal::NaturalServerDispatcher<::test_emptystruct::EmptyProtocol>::entries_end_ =
    &entries_[2];

void fidl::internal::NaturalServerDispatcher<::test_emptystruct::EmptyProtocol>::Dispatch(::fidl::Server<::test_emptystruct::EmptyProtocol>* impl, ::fidl::IncomingHeaderAndMessage&& msg,
                                                                                          internal::MessageStorageViewBase* storage_view, ::fidl::Transaction* txn) {
  ::fidl::internal::Dispatch(impl, msg, storage_view, txn, entries_, entries_end_, &unknown_method_handler_entry_);
}

void fidl::Server<::test_emptystruct::EmptyProtocol>::dispatch_message(
    ::fidl::IncomingHeaderAndMessage&& msg, ::fidl::Transaction* txn,
    ::fidl::internal::MessageStorageViewBase* storage_view) {
  ::fidl::internal::NaturalServerDispatcher<::test_emptystruct::EmptyProtocol>::Dispatch(this, std::move(msg), storage_view, txn);
}

#pragma clang diagnostic pop

#endif  // __Fuchsia__
