// WARNING: This file is machine generated by fidlgen.

// fidl_experiment = output_index_json
#ifdef __Fuchsia__

#include <fidl/test.inheritance/cpp/wire_messaging.h>

#include <memory>

#pragma clang diagnostic push
#pragma clang diagnostic ignored "-Wshadow"

namespace test_inheritance {

[[maybe_unused]]
constexpr uint64_t ksuper_foo_Ordinal = 7540745593380780216lu;

[[maybe_unused]]
constexpr ::fidl::MessageDynamicFlags ksuper_foo_DynamicFlags = ::fidl::MessageDynamicFlags::kStrictMethod;
static_assert(sizeof(::fidl::internal::TransactionalRequest<::test_inheritance::Super::Foo>) == ::fidl::TypeTraits<::fidl::internal::TransactionalRequest<::test_inheritance::Super::Foo>>::kPrimarySize);
static_assert(offsetof(::fidl::internal::TransactionalRequest<::test_inheritance::Super::Foo>, header) == 0);
static_assert(offsetof(::fidl::internal::TransactionalRequest<::test_inheritance::Super::Foo>, body) == sizeof(fidl_message_header_t));

static_assert(sizeof(::test_inheritance::wire::SuperFooRequest) == ::fidl::TypeTraits<::test_inheritance::wire::SuperFooRequest>::kPrimarySize);
static_assert(offsetof(::test_inheritance::wire::SuperFooRequest, s) == 0);
static_assert(sizeof(::fidl::WireResponse<::test_inheritance::Super::Foo>) == ::fidl::TypeTraits<::fidl::WireResponse<::test_inheritance::Super::Foo>>::kPrimarySize);
static_assert(offsetof(::fidl::WireResponse<::test_inheritance::Super::Foo>, y) == 0);
static_assert(sizeof(::fidl::internal::TransactionalResponse<::test_inheritance::Super::Foo>) == ::fidl::TypeTraits<::fidl::internal::TransactionalResponse<::test_inheritance::Super::Foo>>::kPrimarySize);
static_assert(offsetof(::fidl::internal::TransactionalResponse<::test_inheritance::Super::Foo>, header) == 0);
static_assert(offsetof(::fidl::internal::TransactionalResponse<::test_inheritance::Super::Foo>, body) == sizeof(fidl_message_header_t));
}  // namespace test_inheritance

::fidl::WireResult<::test_inheritance::Super::Foo>::WireResult(
    ::fidl::UnownedClientEnd<::test_inheritance::Super> client,
    ::fidl::internal::TransactionalRequest<::test_inheritance::Super::Foo>* request) {
  __UNINITIALIZED
  ::fidl::internal::OwnedEncodedMessage<::fidl::internal::TransactionalRequest<::test_inheritance::Super::Foo>, ::fidl::internal::ChannelTransport> request_message(
      ::fidl::internal::AllowUnownedInputRef{}, request);
  auto& outgoing = request_message.GetOutgoingMessage();
  ::fidl::internal::IncomingMessageHandleStorage<::fidl::internal::TransactionalResponse<::test_inheritance::Super::Foo>> handle_storage;
  ::fit::result decoded = ::fidl::internal::InplaceDecodeTransactionalResponse<::test_inheritance::Super::Foo>(
      outgoing.Call(client.handle(), handle_storage.view(bytes_.view()), fidl::CallOptions{}));
  SetStatus(::fidl::internal::StatusFromResult(decoded));
  if (ok()) {
    decoded_ = std::move(decoded.value());
    ExtractValueFromDecoded(decoded_.pointer());
  }
}

::fidl::WireResult<::test_inheritance::Super::Foo>::WireResult(const ::fidl::Status& result) : ::fidl::BaseWireResult<::test_inheritance::Super::Foo>(result) {}

::fidl::WireUnownedResult<::test_inheritance::Super::Foo>::WireUnownedResult(::fidl::UnownedClientEnd<::test_inheritance::Super> client_end, ::fidl::internal::AnyBufferAllocator& allocator, ::fidl::internal::TransactionalRequest<::test_inheritance::Super::Foo>* request) {
  constexpr uint32_t buffer_size = ::fidl::SyncClientMethodBufferSizeInChannel<::test_inheritance::Super::Foo>();
  ::fit::result<::fidl::Error, ::fidl::BufferSpan> allocation = allocator.TryAllocate(buffer_size);
  if (!allocation.is_ok()) {
    SetStatus(allocation.error_value());
    return;
  }
  uint8_t* buffer = allocation->data;
  constexpr uint32_t request_byte_capacity = ::fidl::MaxSizeInChannel<
      ::fidl::internal::TransactionalRequest<::test_inheritance::Super::Foo>, ::fidl::MessageDirection::kSending>();
  uint8_t* request_bytes = buffer;
  static_assert(buffer_size > request_byte_capacity);
  uint32_t response_byte_capacity = buffer_size - request_byte_capacity;
  uint8_t* response_bytes = &buffer[request_byte_capacity];

  ::fidl::internal::UnownedEncodedMessage<::fidl::internal::TransactionalRequest<::test_inheritance::Super::Foo>> request_message(
      request_bytes, request_byte_capacity, request);
  auto& outgoing = request_message.GetOutgoingMessage();
  ::fidl::internal::IncomingMessageHandleStorage<::fidl::internal::TransactionalResponse<::test_inheritance::Super::Foo>> handle_storage;
  ::fit::result decoded = ::fidl::internal::InplaceDecodeTransactionalResponse<::test_inheritance::Super::Foo>(
      outgoing.Call(
          client_end.handle(),
          handle_storage.view(fidl::BufferSpan(response_bytes, response_byte_capacity))));
  SetStatus(::fidl::internal::StatusFromResult(decoded));
  if (ok()) {
    decoded_ = std::move(decoded.value());
    ExtractValueFromDecoded(decoded_.pointer());
  }
}
::fidl::WireUnownedResult<::test_inheritance::Super::Foo>::WireUnownedResult(::fidl::WireResponse<::test_inheritance::Super::Foo>* response)
    : ::fidl::BaseWireResult<::test_inheritance::Super::Foo>(fidl::Status::Ok()), decoded_(response) {
  ExtractValueFromDecoded(decoded_.pointer());
}

::fidl::WireUnownedResult<::test_inheritance::Super::Foo>::WireUnownedResult(
    ::fit::result<::fidl::Error, ::fidl::DecodedValue<::fidl::WireResponse<::test_inheritance::Super::Foo>>>&& decoded,
    ::fidl::internal::MessageStorageViewBase* storage_view) : ::fidl::BaseWireResult<::test_inheritance::Super::Foo>(::fidl::internal::StatusFromResult(decoded)) {
  if (decoded.is_ok()) {
    decoded_ = std::move(decoded.value());
    ExtractValueFromDecoded(decoded_.pointer());
  }
}

::fidl::WireUnownedResult<::test_inheritance::Super::Foo>::WireUnownedResult(const ::fidl::Status& result) : ::fidl::BaseWireResult<::test_inheritance::Super::Foo>(result) {}

::fidl::internal::WireThenable<::test_inheritance::Super::Foo> fidl::internal::WireWeakAsyncClientImpl<::test_inheritance::Super>::Foo(::fidl::StringView s) {
  ::fidl::internal::TransactionalRequest<::test_inheritance::Super::Foo> _request{s};
  return ::fidl::internal::WireThenable<::test_inheritance::Super::Foo>{
      _client_base(), ::fidl::WriteOptions{}, ::fidl::internal::AllowUnownedInputRef{}, &_request};
}
::fidl::internal::WireBufferThenable<::test_inheritance::Super::Foo> fidl::internal::WireWeakAsyncBufferClientImpl<::test_inheritance::Super>::Foo(::fidl::StringView s) {
  constexpr uint32_t _buffer_size = ::fidl::AsyncClientMethodBufferSizeInChannel<::test_inheritance::Super::Foo>();
  ::fidl::internal::TransactionalRequest<::test_inheritance::Super::Foo> _request{s};
  return ::fidl::internal::WireBufferThenable<::test_inheritance::Super::Foo>{
      _client_base(), ::fidl::WriteOptions{}, _allocator(), _buffer_size, &_request};
}

::fidl::WireResult<::test_inheritance::Super::Foo>
fidl::internal::WireWeakSyncClientImpl<::test_inheritance::Super>::Foo(::fidl::StringView s) {
  return _client_base()->MakeSyncCallWith(
      [&](std::shared_ptr<::fidl::internal::AnyTransport> _transport) {
        ::fidl::internal::TransactionalRequest<::test_inheritance::Super::Foo> _request{s};
        return ::fidl::WireResult<::test_inheritance::Super::Foo>(::fidl::UnownedClientEnd<::test_inheritance::Super>(_transport->get<::fidl::internal::ChannelTransport>()), &_request);
      });
}

::fidl::internal::WireEventDispatcher<::test_inheritance::Super>::WireEventDispatcher(::fidl::internal::WireEventHandlerInterface<::test_inheritance::Super>* event_handler)
    : IncomingEventDispatcher(event_handler) {}

::fidl::Status fidl::WireSyncEventHandler<::test_inheritance::Super>::HandleOneEvent(
    ::fidl::UnownedClientEnd<::test_inheritance::Super> client_end) {
  ::fidl::internal::IncomingEventsStorage<::test_inheritance::Super> event_storage;
  fidl::internal::WireEventDispatcher<::test_inheritance::Super> dispatcher{this};
  return HandleOneEventImpl_(client_end.channel(), event_storage.view(), dispatcher);
}

constexpr ::fidl::internal::MethodEntry fidl::internal::WireServerDispatcher<::test_inheritance::Super>::entries_[] = {
    {
        ::test_inheritance::ksuper_foo_Ordinal,
        [](void* interface, ::fidl::EncodedMessage& msg, ::fidl::WireFormatMetadata metadata,
           internal::MessageStorageViewBase* storage_view, ::fidl::Transaction* txn) {
          ::fit::result decoded = ::fidl::StandaloneInplaceDecode<::test_inheritance::wire::SuperFooRequest>(
              std::move(msg), metadata);
          if (unlikely(!decoded.is_ok())) {
            return decoded.error_value();
          }
          ::fidl::internal::WireCompleter<::test_inheritance::Super::Foo>::Sync completer(txn);
          reinterpret_cast<::fidl::WireServer<::test_inheritance::Super>*>(interface)->Foo(
              decoded.value().pointer(),
              completer);
          return ::fidl::Status::Ok();
        },
    },
};

const ::fidl::internal::MethodEntry* fidl::internal::WireServerDispatcher<::test_inheritance::Super>::entries_end_ =
    &entries_[1];

::fidl::DispatchResult fidl::internal::WireServerDispatcher<::test_inheritance::Super>::TryDispatch(
    ::fidl::WireServer<::test_inheritance::Super>* impl, ::fidl::IncomingHeaderAndMessage& msg,
    internal::MessageStorageViewBase* storage_view, ::fidl::Transaction* txn) {
  return ::fidl::internal::TryDispatch(
      impl, msg, storage_view, txn, entries_, entries_end_);
}

void fidl::internal::WireServerDispatcher<::test_inheritance::Super>::Dispatch(::fidl::WireServer<::test_inheritance::Super>* impl, ::fidl::IncomingHeaderAndMessage&& msg,
                                                                               internal::MessageStorageViewBase* storage_view, ::fidl::Transaction* txn) {
  ::fidl::internal::Dispatch(impl, msg, storage_view, txn, entries_, entries_end_,
                             &unknown_method_handler_entry_);
}

void fidl::WireServer<::test_inheritance::Super>::dispatch_message(
    ::fidl::IncomingHeaderAndMessage&& msg, ::fidl::Transaction* txn,
    ::fidl::internal::MessageStorageViewBase* storage_view) {
  ::fidl::internal::WireServerDispatcher<::test_inheritance::Super>::Dispatch(this, std::move(msg), storage_view, txn);
}

fidl::WireServer<::test_inheritance::Super>::Handler fidl::WireServer<::test_inheritance::Super>::bind_handler(async_dispatcher_t* dispatcher) {
  return [impl = this, dispatcher = dispatcher](::fidl::ServerEnd<::test_inheritance::Super> request) {
    (void)::fidl::BindServer(dispatcher, std::move(request), impl);
  };
}

void fidl::internal::WireCompleterImpl<::test_inheritance::Super::Foo>::Reply(int64_t y) {
  return MakeReply(y);
}

void fidl::internal::WireCompleterImpl<::test_inheritance::Super::Foo>::MakeReply(int64_t y) {
  ::fidl::internal::TransactionalResponse<::test_inheritance::Super::Foo> _response{y};
  __UNINITIALIZED
  ::fidl::internal::OwnedEncodedMessage<
      ::fidl::internal::TransactionalResponse<::test_inheritance::Super::Foo>, ::fidl::internal::ChannelTransport>
      _response_message{
          ::fidl::internal::AllowUnownedInputRef{}, &_response};
  return _core()->SendReply(&_response_message.GetOutgoingMessage(),
                            ::fidl::internal::OutgoingTransportContext());
}

void fidl::internal::WireBufferCompleterImpl<::test_inheritance::Super::Foo>::Reply(int64_t y) {
  return MakeReply(y);
}

void fidl::internal::WireBufferCompleterImpl<::test_inheritance::Super::Foo>::MakeReply(int64_t y) {
  ::fidl::internal::TransactionalResponse<::test_inheritance::Super::Foo> _response{y};
  constexpr uint32_t _buffer_size = ::fidl::ServerReplyBufferSizeInChannel<::test_inheritance::Super::Foo>();
  ::fit::result<::fidl::Error, ::fidl::BufferSpan> _allocation =
      _allocator().TryAllocate(_buffer_size);
  if (!_allocation.is_ok()) {
    ::fidl::OutgoingMessage _failure{_allocation.error_value()};
    return _core()->SendReply(&_failure, ::fidl::internal::OutgoingTransportContext());
  }
  ::fidl::internal::UnownedEncodedMessage<
      ::fidl::internal::TransactionalResponse<::test_inheritance::Super::Foo>, ::fidl::internal::ChannelTransport>
      _response_message(
          _allocation->data, _buffer_size, &_response);
  return _core()->SendReply(&_response_message.GetOutgoingMessage(),
                            ::fidl::internal::OutgoingTransportContext());
}

fidl::internal::WireCompleterBase<::test_inheritance::Super::Foo>::WireCompleterBase(::fidl::Transaction* transaction, bool owned, bool expects_reply)
    : CompleterBase(transaction, owned, expects_reply),
      WireCompleterImpl(this) {}
fidl::internal::WireCompleterBase<::test_inheritance::Super::Foo>::WireCompleterBase(WireCompleterBase&& other) noexcept
    : CompleterBase(std::move(other)), WireCompleterImpl(this) {}

::fidl::internal::WireCompleterBase<::test_inheritance::Super::Foo>& fidl::internal::WireCompleterBase<::test_inheritance::Super::Foo>::operator=(WireCompleterBase&& other) noexcept {
  CompleterBase::operator=(std::move(other));
  WireCompleterImpl::_set_core(this);
  return *this;
}

::fidl::internal::TransactionalRequest<::test_inheritance::Super::Foo>::TransactionalRequest() {
  ::fidl::InitTxnHeader(&header, 0, ::test_inheritance::ksuper_foo_Ordinal, ::test_inheritance::ksuper_foo_DynamicFlags);
}

::fidl::internal::TransactionalRequest<::test_inheritance::Super::Foo>::TransactionalRequest(::fidl::StringView s)
    : body(::test_inheritance::wire::SuperFooRequest{s}) {
  ::fidl::InitTxnHeader(&header, 0, ::test_inheritance::ksuper_foo_Ordinal, ::test_inheritance::ksuper_foo_DynamicFlags);
}

template <bool IsRecursive>
void ::fidl::internal::WireCodingTraits<::fidl::internal::TransactionalRequest<::test_inheritance::Super::Foo>, ::fidl::internal::WireCodingConstraintEmpty, IsRecursive>::Encode(internal::WireEncoder* encoder,
                                                                                                                                                                                  ::fidl::internal::TransactionalRequest<::test_inheritance::Super::Foo>* value, ::fidl::internal::WirePosition position, RecursionDepth<IsRecursive> recursion_depth) {
  *position.As<fidl_message_header_t>() = value->header;
  WireCodingTraits<::test_inheritance::wire::SuperFooRequest, WireCodingConstraintEmpty, IsRecursive>::Encode(
      encoder, &value->body, position + sizeof(fidl_message_header_t), recursion_depth);
}

template <bool IsRecursive>
void ::fidl::internal::WireCodingTraits<::fidl::internal::TransactionalRequest<::test_inheritance::Super::Foo>, ::fidl::internal::WireCodingConstraintEmpty, IsRecursive>::Decode(
    internal::WireDecoder* decoder, ::fidl::internal::WirePosition position, RecursionDepth<IsRecursive> recursion_depth) {
  WireCodingTraits<::test_inheritance::wire::SuperFooRequest, WireCodingConstraintEmpty, IsRecursive>::Decode(
      decoder, position + sizeof(fidl_message_header_t), recursion_depth);
}

template struct ::fidl::internal::WireCodingTraits<::fidl::internal::TransactionalRequest<::test_inheritance::Super::Foo>, ::fidl::internal::WireCodingConstraintEmpty, true>;
template struct ::fidl::internal::WireCodingTraits<::fidl::internal::TransactionalRequest<::test_inheritance::Super::Foo>, ::fidl::internal::WireCodingConstraintEmpty, false>;

::fidl::WireResponse<::test_inheritance::Super::Foo>::WireResponse(::test_inheritance::wire::SuperFooResponse base) : ::test_inheritance::wire::SuperFooResponse(std::move(base)) {}
::fidl::WireResponse<::test_inheritance::Super::Foo>::WireResponse(int64_t y) : ::test_inheritance::wire::SuperFooResponse{.y = std::move(y)} {}

::fidl::internal::TransactionalResponse<::test_inheritance::Super::Foo>::TransactionalResponse(int64_t y)
    : body(::fidl::WireResponse<::test_inheritance::Super::Foo>(y)) {
  ::fidl::InitTxnHeader(&header, 0, ::test_inheritance::ksuper_foo_Ordinal, ::test_inheritance::ksuper_foo_DynamicFlags);
}
::fidl::internal::TransactionalResponse<::test_inheritance::Super::Foo>::TransactionalResponse() {
  ::fidl::InitTxnHeader(&header, 0, ::test_inheritance::ksuper_foo_Ordinal, ::test_inheritance::ksuper_foo_DynamicFlags);
}

template <bool IsRecursive>
void ::fidl::internal::WireCodingTraits<::fidl::WireResponse<::test_inheritance::Super::Foo>, ::fidl::internal::WireCodingConstraintEmpty, IsRecursive>::Encode(
    internal::WireEncoder* encoder, ::fidl::WireResponse<::test_inheritance::Super::Foo>* value, ::fidl::internal::WirePosition position, RecursionDepth<IsRecursive> recursion_depth) {
  fidl::internal::WireCodingTraits<::test_inheritance::wire::SuperFooResponse, ::fidl::internal::WireCodingConstraintEmpty, IsRecursive>::Encode(
      encoder, value, position, recursion_depth);
}
template <bool IsRecursive>
void ::fidl::internal::WireCodingTraits<::fidl::WireResponse<::test_inheritance::Super::Foo>, ::fidl::internal::WireCodingConstraintEmpty, IsRecursive>::Decode(
    internal::WireDecoder* decoder, ::fidl::internal::WirePosition position, RecursionDepth<IsRecursive> recursion_depth) {
  fidl::internal::WireCodingTraits<::test_inheritance::wire::SuperFooResponse, ::fidl::internal::WireCodingConstraintEmpty, IsRecursive>::Decode(
      decoder, position, recursion_depth);
}
template struct ::fidl::internal::WireCodingTraits<::fidl::WireResponse<::test_inheritance::Super::Foo>, ::fidl::internal::WireCodingConstraintEmpty, true>;
template struct ::fidl::internal::WireCodingTraits<::fidl::WireResponse<::test_inheritance::Super::Foo>, ::fidl::internal::WireCodingConstraintEmpty, false>;

template <bool IsRecursive>
void ::fidl::internal::WireCodingTraits<::fidl::internal::TransactionalResponse<::test_inheritance::Super::Foo>, ::fidl::internal::WireCodingConstraintEmpty, IsRecursive>::Encode(internal::WireEncoder* encoder,
                                                                                                                                                                                   ::fidl::internal::TransactionalResponse<::test_inheritance::Super::Foo>* value, ::fidl::internal::WirePosition position, RecursionDepth<IsRecursive> recursion_depth) {
  *position.As<fidl_message_header_t>() = value->header;
  WireCodingTraits<::fidl::WireResponse<::test_inheritance::Super::Foo>, WireCodingConstraintEmpty, IsRecursive>::Encode(
      encoder, &value->body, position + sizeof(fidl_message_header_t), recursion_depth);
}

template <bool IsRecursive>
void ::fidl::internal::WireCodingTraits<::fidl::internal::TransactionalResponse<::test_inheritance::Super::Foo>, ::fidl::internal::WireCodingConstraintEmpty, IsRecursive>::Decode(
    internal::WireDecoder* decoder, ::fidl::internal::WirePosition position, RecursionDepth<IsRecursive> recursion_depth) {
  WireCodingTraits<::fidl::WireResponse<::test_inheritance::Super::Foo>, WireCodingConstraintEmpty, IsRecursive>::Decode(
      decoder, position + sizeof(fidl_message_header_t), recursion_depth);
}

template struct ::fidl::internal::WireCodingTraits<::fidl::internal::TransactionalResponse<::test_inheritance::Super::Foo>, ::fidl::internal::WireCodingConstraintEmpty, true>;
template struct ::fidl::internal::WireCodingTraits<::fidl::internal::TransactionalResponse<::test_inheritance::Super::Foo>, ::fidl::internal::WireCodingConstraintEmpty, false>;

::fidl::WireResult<::test_inheritance::Super::Foo>
fidl::internal::WireSyncClientImpl<::test_inheritance::Super>::Foo(::fidl::StringView s) {
  ::fidl::internal::TransactionalRequest<::test_inheritance::Super::Foo> _request{s};
  return ::fidl::WireResult<::test_inheritance::Super::Foo>(
      ::fidl::UnownedClientEnd<::test_inheritance::Super>(_transport().get<::fidl::internal::ChannelTransport>()), &_request);
}

::fidl::WireUnownedResult<::test_inheritance::Super::Foo>
fidl::internal::WireSyncBufferClientImpl<::test_inheritance::Super>::Foo(::fidl::StringView s) {
  ::fidl::internal::TransactionalRequest<::test_inheritance::Super::Foo> _request{s};
  return ::fidl::WireUnownedResult<::test_inheritance::Super::Foo>(
      ::fidl::UnownedClientEnd<::test_inheritance::Super>(_transport().get<::fidl::internal::ChannelTransport>()), _allocator(), &_request);
}

namespace test_inheritance {

[[maybe_unused]]
constexpr uint64_t ksub_foo_Ordinal = 7540745593380780216lu;

[[maybe_unused]]
constexpr ::fidl::MessageDynamicFlags ksub_foo_DynamicFlags = ::fidl::MessageDynamicFlags::kStrictMethod;
static_assert(sizeof(::fidl::internal::TransactionalRequest<::test_inheritance::Sub::Foo>) == ::fidl::TypeTraits<::fidl::internal::TransactionalRequest<::test_inheritance::Sub::Foo>>::kPrimarySize);
static_assert(offsetof(::fidl::internal::TransactionalRequest<::test_inheritance::Sub::Foo>, header) == 0);
static_assert(offsetof(::fidl::internal::TransactionalRequest<::test_inheritance::Sub::Foo>, body) == sizeof(fidl_message_header_t));

static_assert(sizeof(::test_inheritance::wire::SuperFooRequest) == ::fidl::TypeTraits<::test_inheritance::wire::SuperFooRequest>::kPrimarySize);
static_assert(offsetof(::test_inheritance::wire::SuperFooRequest, s) == 0);
static_assert(sizeof(::fidl::WireResponse<::test_inheritance::Sub::Foo>) == ::fidl::TypeTraits<::fidl::WireResponse<::test_inheritance::Sub::Foo>>::kPrimarySize);
static_assert(offsetof(::fidl::WireResponse<::test_inheritance::Sub::Foo>, y) == 0);
static_assert(sizeof(::fidl::internal::TransactionalResponse<::test_inheritance::Sub::Foo>) == ::fidl::TypeTraits<::fidl::internal::TransactionalResponse<::test_inheritance::Sub::Foo>>::kPrimarySize);
static_assert(offsetof(::fidl::internal::TransactionalResponse<::test_inheritance::Sub::Foo>, header) == 0);
static_assert(offsetof(::fidl::internal::TransactionalResponse<::test_inheritance::Sub::Foo>, body) == sizeof(fidl_message_header_t));
}  // namespace test_inheritance

::fidl::WireResult<::test_inheritance::Sub::Foo>::WireResult(
    ::fidl::UnownedClientEnd<::test_inheritance::Sub> client,
    ::fidl::internal::TransactionalRequest<::test_inheritance::Sub::Foo>* request) {
  __UNINITIALIZED
  ::fidl::internal::OwnedEncodedMessage<::fidl::internal::TransactionalRequest<::test_inheritance::Sub::Foo>, ::fidl::internal::ChannelTransport> request_message(
      ::fidl::internal::AllowUnownedInputRef{}, request);
  auto& outgoing = request_message.GetOutgoingMessage();
  ::fidl::internal::IncomingMessageHandleStorage<::fidl::internal::TransactionalResponse<::test_inheritance::Sub::Foo>> handle_storage;
  ::fit::result decoded = ::fidl::internal::InplaceDecodeTransactionalResponse<::test_inheritance::Sub::Foo>(
      outgoing.Call(client.handle(), handle_storage.view(bytes_.view()), fidl::CallOptions{}));
  SetStatus(::fidl::internal::StatusFromResult(decoded));
  if (ok()) {
    decoded_ = std::move(decoded.value());
    ExtractValueFromDecoded(decoded_.pointer());
  }
}

::fidl::WireResult<::test_inheritance::Sub::Foo>::WireResult(const ::fidl::Status& result) : ::fidl::BaseWireResult<::test_inheritance::Sub::Foo>(result) {}

::fidl::WireUnownedResult<::test_inheritance::Sub::Foo>::WireUnownedResult(::fidl::UnownedClientEnd<::test_inheritance::Sub> client_end, ::fidl::internal::AnyBufferAllocator& allocator, ::fidl::internal::TransactionalRequest<::test_inheritance::Sub::Foo>* request) {
  constexpr uint32_t buffer_size = ::fidl::SyncClientMethodBufferSizeInChannel<::test_inheritance::Sub::Foo>();
  ::fit::result<::fidl::Error, ::fidl::BufferSpan> allocation = allocator.TryAllocate(buffer_size);
  if (!allocation.is_ok()) {
    SetStatus(allocation.error_value());
    return;
  }
  uint8_t* buffer = allocation->data;
  constexpr uint32_t request_byte_capacity = ::fidl::MaxSizeInChannel<
      ::fidl::internal::TransactionalRequest<::test_inheritance::Sub::Foo>, ::fidl::MessageDirection::kSending>();
  uint8_t* request_bytes = buffer;
  static_assert(buffer_size > request_byte_capacity);
  uint32_t response_byte_capacity = buffer_size - request_byte_capacity;
  uint8_t* response_bytes = &buffer[request_byte_capacity];

  ::fidl::internal::UnownedEncodedMessage<::fidl::internal::TransactionalRequest<::test_inheritance::Sub::Foo>> request_message(
      request_bytes, request_byte_capacity, request);
  auto& outgoing = request_message.GetOutgoingMessage();
  ::fidl::internal::IncomingMessageHandleStorage<::fidl::internal::TransactionalResponse<::test_inheritance::Sub::Foo>> handle_storage;
  ::fit::result decoded = ::fidl::internal::InplaceDecodeTransactionalResponse<::test_inheritance::Sub::Foo>(
      outgoing.Call(
          client_end.handle(),
          handle_storage.view(fidl::BufferSpan(response_bytes, response_byte_capacity))));
  SetStatus(::fidl::internal::StatusFromResult(decoded));
  if (ok()) {
    decoded_ = std::move(decoded.value());
    ExtractValueFromDecoded(decoded_.pointer());
  }
}
::fidl::WireUnownedResult<::test_inheritance::Sub::Foo>::WireUnownedResult(::fidl::WireResponse<::test_inheritance::Sub::Foo>* response)
    : ::fidl::BaseWireResult<::test_inheritance::Sub::Foo>(fidl::Status::Ok()), decoded_(response) {
  ExtractValueFromDecoded(decoded_.pointer());
}

::fidl::WireUnownedResult<::test_inheritance::Sub::Foo>::WireUnownedResult(
    ::fit::result<::fidl::Error, ::fidl::DecodedValue<::fidl::WireResponse<::test_inheritance::Sub::Foo>>>&& decoded,
    ::fidl::internal::MessageStorageViewBase* storage_view) : ::fidl::BaseWireResult<::test_inheritance::Sub::Foo>(::fidl::internal::StatusFromResult(decoded)) {
  if (decoded.is_ok()) {
    decoded_ = std::move(decoded.value());
    ExtractValueFromDecoded(decoded_.pointer());
  }
}

::fidl::WireUnownedResult<::test_inheritance::Sub::Foo>::WireUnownedResult(const ::fidl::Status& result) : ::fidl::BaseWireResult<::test_inheritance::Sub::Foo>(result) {}

::fidl::internal::WireThenable<::test_inheritance::Sub::Foo> fidl::internal::WireWeakAsyncClientImpl<::test_inheritance::Sub>::Foo(::fidl::StringView s) {
  ::fidl::internal::TransactionalRequest<::test_inheritance::Sub::Foo> _request{s};
  return ::fidl::internal::WireThenable<::test_inheritance::Sub::Foo>{
      _client_base(), ::fidl::WriteOptions{}, ::fidl::internal::AllowUnownedInputRef{}, &_request};
}
::fidl::internal::WireBufferThenable<::test_inheritance::Sub::Foo> fidl::internal::WireWeakAsyncBufferClientImpl<::test_inheritance::Sub>::Foo(::fidl::StringView s) {
  constexpr uint32_t _buffer_size = ::fidl::AsyncClientMethodBufferSizeInChannel<::test_inheritance::Sub::Foo>();
  ::fidl::internal::TransactionalRequest<::test_inheritance::Sub::Foo> _request{s};
  return ::fidl::internal::WireBufferThenable<::test_inheritance::Sub::Foo>{
      _client_base(), ::fidl::WriteOptions{}, _allocator(), _buffer_size, &_request};
}

::fidl::WireResult<::test_inheritance::Sub::Foo>
fidl::internal::WireWeakSyncClientImpl<::test_inheritance::Sub>::Foo(::fidl::StringView s) {
  return _client_base()->MakeSyncCallWith(
      [&](std::shared_ptr<::fidl::internal::AnyTransport> _transport) {
        ::fidl::internal::TransactionalRequest<::test_inheritance::Sub::Foo> _request{s};
        return ::fidl::WireResult<::test_inheritance::Sub::Foo>(::fidl::UnownedClientEnd<::test_inheritance::Sub>(_transport->get<::fidl::internal::ChannelTransport>()), &_request);
      });
}

::fidl::internal::WireEventDispatcher<::test_inheritance::Sub>::WireEventDispatcher(::fidl::internal::WireEventHandlerInterface<::test_inheritance::Sub>* event_handler)
    : IncomingEventDispatcher(event_handler) {}

::fidl::Status fidl::WireSyncEventHandler<::test_inheritance::Sub>::HandleOneEvent(
    ::fidl::UnownedClientEnd<::test_inheritance::Sub> client_end) {
  ::fidl::internal::IncomingEventsStorage<::test_inheritance::Sub> event_storage;
  fidl::internal::WireEventDispatcher<::test_inheritance::Sub> dispatcher{this};
  return HandleOneEventImpl_(client_end.channel(), event_storage.view(), dispatcher);
}

constexpr ::fidl::internal::MethodEntry fidl::internal::WireServerDispatcher<::test_inheritance::Sub>::entries_[] = {
    {
        ::test_inheritance::ksub_foo_Ordinal,
        [](void* interface, ::fidl::EncodedMessage& msg, ::fidl::WireFormatMetadata metadata,
           internal::MessageStorageViewBase* storage_view, ::fidl::Transaction* txn) {
          ::fit::result decoded = ::fidl::StandaloneInplaceDecode<::test_inheritance::wire::SuperFooRequest>(
              std::move(msg), metadata);
          if (unlikely(!decoded.is_ok())) {
            return decoded.error_value();
          }
          ::fidl::internal::WireCompleter<::test_inheritance::Sub::Foo>::Sync completer(txn);
          reinterpret_cast<::fidl::WireServer<::test_inheritance::Sub>*>(interface)->Foo(
              decoded.value().pointer(),
              completer);
          return ::fidl::Status::Ok();
        },
    },
};

const ::fidl::internal::MethodEntry* fidl::internal::WireServerDispatcher<::test_inheritance::Sub>::entries_end_ =
    &entries_[1];

::fidl::DispatchResult fidl::internal::WireServerDispatcher<::test_inheritance::Sub>::TryDispatch(
    ::fidl::WireServer<::test_inheritance::Sub>* impl, ::fidl::IncomingHeaderAndMessage& msg,
    internal::MessageStorageViewBase* storage_view, ::fidl::Transaction* txn) {
  return ::fidl::internal::TryDispatch(
      impl, msg, storage_view, txn, entries_, entries_end_);
}

void fidl::internal::WireServerDispatcher<::test_inheritance::Sub>::Dispatch(::fidl::WireServer<::test_inheritance::Sub>* impl, ::fidl::IncomingHeaderAndMessage&& msg,
                                                                             internal::MessageStorageViewBase* storage_view, ::fidl::Transaction* txn) {
  ::fidl::internal::Dispatch(impl, msg, storage_view, txn, entries_, entries_end_,
                             &unknown_method_handler_entry_);
}

void fidl::WireServer<::test_inheritance::Sub>::dispatch_message(
    ::fidl::IncomingHeaderAndMessage&& msg, ::fidl::Transaction* txn,
    ::fidl::internal::MessageStorageViewBase* storage_view) {
  ::fidl::internal::WireServerDispatcher<::test_inheritance::Sub>::Dispatch(this, std::move(msg), storage_view, txn);
}

fidl::WireServer<::test_inheritance::Sub>::Handler fidl::WireServer<::test_inheritance::Sub>::bind_handler(async_dispatcher_t* dispatcher) {
  return [impl = this, dispatcher = dispatcher](::fidl::ServerEnd<::test_inheritance::Sub> request) {
    (void)::fidl::BindServer(dispatcher, std::move(request), impl);
  };
}

void fidl::internal::WireCompleterImpl<::test_inheritance::Sub::Foo>::Reply(int64_t y) {
  return MakeReply(y);
}

void fidl::internal::WireCompleterImpl<::test_inheritance::Sub::Foo>::MakeReply(int64_t y) {
  ::fidl::internal::TransactionalResponse<::test_inheritance::Sub::Foo> _response{y};
  __UNINITIALIZED
  ::fidl::internal::OwnedEncodedMessage<
      ::fidl::internal::TransactionalResponse<::test_inheritance::Sub::Foo>, ::fidl::internal::ChannelTransport>
      _response_message{
          ::fidl::internal::AllowUnownedInputRef{}, &_response};
  return _core()->SendReply(&_response_message.GetOutgoingMessage(),
                            ::fidl::internal::OutgoingTransportContext());
}

void fidl::internal::WireBufferCompleterImpl<::test_inheritance::Sub::Foo>::Reply(int64_t y) {
  return MakeReply(y);
}

void fidl::internal::WireBufferCompleterImpl<::test_inheritance::Sub::Foo>::MakeReply(int64_t y) {
  ::fidl::internal::TransactionalResponse<::test_inheritance::Sub::Foo> _response{y};
  constexpr uint32_t _buffer_size = ::fidl::ServerReplyBufferSizeInChannel<::test_inheritance::Sub::Foo>();
  ::fit::result<::fidl::Error, ::fidl::BufferSpan> _allocation =
      _allocator().TryAllocate(_buffer_size);
  if (!_allocation.is_ok()) {
    ::fidl::OutgoingMessage _failure{_allocation.error_value()};
    return _core()->SendReply(&_failure, ::fidl::internal::OutgoingTransportContext());
  }
  ::fidl::internal::UnownedEncodedMessage<
      ::fidl::internal::TransactionalResponse<::test_inheritance::Sub::Foo>, ::fidl::internal::ChannelTransport>
      _response_message(
          _allocation->data, _buffer_size, &_response);
  return _core()->SendReply(&_response_message.GetOutgoingMessage(),
                            ::fidl::internal::OutgoingTransportContext());
}

fidl::internal::WireCompleterBase<::test_inheritance::Sub::Foo>::WireCompleterBase(::fidl::Transaction* transaction, bool owned, bool expects_reply)
    : CompleterBase(transaction, owned, expects_reply),
      WireCompleterImpl(this) {}
fidl::internal::WireCompleterBase<::test_inheritance::Sub::Foo>::WireCompleterBase(WireCompleterBase&& other) noexcept
    : CompleterBase(std::move(other)), WireCompleterImpl(this) {}

::fidl::internal::WireCompleterBase<::test_inheritance::Sub::Foo>& fidl::internal::WireCompleterBase<::test_inheritance::Sub::Foo>::operator=(WireCompleterBase&& other) noexcept {
  CompleterBase::operator=(std::move(other));
  WireCompleterImpl::_set_core(this);
  return *this;
}

::fidl::internal::TransactionalRequest<::test_inheritance::Sub::Foo>::TransactionalRequest() {
  ::fidl::InitTxnHeader(&header, 0, ::test_inheritance::ksub_foo_Ordinal, ::test_inheritance::ksub_foo_DynamicFlags);
}

::fidl::internal::TransactionalRequest<::test_inheritance::Sub::Foo>::TransactionalRequest(::fidl::StringView s)
    : body(::test_inheritance::wire::SuperFooRequest{s}) {
  ::fidl::InitTxnHeader(&header, 0, ::test_inheritance::ksub_foo_Ordinal, ::test_inheritance::ksub_foo_DynamicFlags);
}

template <bool IsRecursive>
void ::fidl::internal::WireCodingTraits<::fidl::internal::TransactionalRequest<::test_inheritance::Sub::Foo>, ::fidl::internal::WireCodingConstraintEmpty, IsRecursive>::Encode(internal::WireEncoder* encoder,
                                                                                                                                                                                ::fidl::internal::TransactionalRequest<::test_inheritance::Sub::Foo>* value, ::fidl::internal::WirePosition position, RecursionDepth<IsRecursive> recursion_depth) {
  *position.As<fidl_message_header_t>() = value->header;
  WireCodingTraits<::test_inheritance::wire::SuperFooRequest, WireCodingConstraintEmpty, IsRecursive>::Encode(
      encoder, &value->body, position + sizeof(fidl_message_header_t), recursion_depth);
}

template <bool IsRecursive>
void ::fidl::internal::WireCodingTraits<::fidl::internal::TransactionalRequest<::test_inheritance::Sub::Foo>, ::fidl::internal::WireCodingConstraintEmpty, IsRecursive>::Decode(
    internal::WireDecoder* decoder, ::fidl::internal::WirePosition position, RecursionDepth<IsRecursive> recursion_depth) {
  WireCodingTraits<::test_inheritance::wire::SuperFooRequest, WireCodingConstraintEmpty, IsRecursive>::Decode(
      decoder, position + sizeof(fidl_message_header_t), recursion_depth);
}

template struct ::fidl::internal::WireCodingTraits<::fidl::internal::TransactionalRequest<::test_inheritance::Sub::Foo>, ::fidl::internal::WireCodingConstraintEmpty, true>;
template struct ::fidl::internal::WireCodingTraits<::fidl::internal::TransactionalRequest<::test_inheritance::Sub::Foo>, ::fidl::internal::WireCodingConstraintEmpty, false>;

::fidl::WireResponse<::test_inheritance::Sub::Foo>::WireResponse(::test_inheritance::wire::SuperFooResponse base) : ::test_inheritance::wire::SuperFooResponse(std::move(base)) {}
::fidl::WireResponse<::test_inheritance::Sub::Foo>::WireResponse(int64_t y) : ::test_inheritance::wire::SuperFooResponse{.y = std::move(y)} {}

::fidl::internal::TransactionalResponse<::test_inheritance::Sub::Foo>::TransactionalResponse(int64_t y)
    : body(::fidl::WireResponse<::test_inheritance::Sub::Foo>(y)) {
  ::fidl::InitTxnHeader(&header, 0, ::test_inheritance::ksub_foo_Ordinal, ::test_inheritance::ksub_foo_DynamicFlags);
}
::fidl::internal::TransactionalResponse<::test_inheritance::Sub::Foo>::TransactionalResponse() {
  ::fidl::InitTxnHeader(&header, 0, ::test_inheritance::ksub_foo_Ordinal, ::test_inheritance::ksub_foo_DynamicFlags);
}

template <bool IsRecursive>
void ::fidl::internal::WireCodingTraits<::fidl::WireResponse<::test_inheritance::Sub::Foo>, ::fidl::internal::WireCodingConstraintEmpty, IsRecursive>::Encode(
    internal::WireEncoder* encoder, ::fidl::WireResponse<::test_inheritance::Sub::Foo>* value, ::fidl::internal::WirePosition position, RecursionDepth<IsRecursive> recursion_depth) {
  fidl::internal::WireCodingTraits<::test_inheritance::wire::SuperFooResponse, ::fidl::internal::WireCodingConstraintEmpty, IsRecursive>::Encode(
      encoder, value, position, recursion_depth);
}
template <bool IsRecursive>
void ::fidl::internal::WireCodingTraits<::fidl::WireResponse<::test_inheritance::Sub::Foo>, ::fidl::internal::WireCodingConstraintEmpty, IsRecursive>::Decode(
    internal::WireDecoder* decoder, ::fidl::internal::WirePosition position, RecursionDepth<IsRecursive> recursion_depth) {
  fidl::internal::WireCodingTraits<::test_inheritance::wire::SuperFooResponse, ::fidl::internal::WireCodingConstraintEmpty, IsRecursive>::Decode(
      decoder, position, recursion_depth);
}
template struct ::fidl::internal::WireCodingTraits<::fidl::WireResponse<::test_inheritance::Sub::Foo>, ::fidl::internal::WireCodingConstraintEmpty, true>;
template struct ::fidl::internal::WireCodingTraits<::fidl::WireResponse<::test_inheritance::Sub::Foo>, ::fidl::internal::WireCodingConstraintEmpty, false>;

template <bool IsRecursive>
void ::fidl::internal::WireCodingTraits<::fidl::internal::TransactionalResponse<::test_inheritance::Sub::Foo>, ::fidl::internal::WireCodingConstraintEmpty, IsRecursive>::Encode(internal::WireEncoder* encoder,
                                                                                                                                                                                 ::fidl::internal::TransactionalResponse<::test_inheritance::Sub::Foo>* value, ::fidl::internal::WirePosition position, RecursionDepth<IsRecursive> recursion_depth) {
  *position.As<fidl_message_header_t>() = value->header;
  WireCodingTraits<::fidl::WireResponse<::test_inheritance::Sub::Foo>, WireCodingConstraintEmpty, IsRecursive>::Encode(
      encoder, &value->body, position + sizeof(fidl_message_header_t), recursion_depth);
}

template <bool IsRecursive>
void ::fidl::internal::WireCodingTraits<::fidl::internal::TransactionalResponse<::test_inheritance::Sub::Foo>, ::fidl::internal::WireCodingConstraintEmpty, IsRecursive>::Decode(
    internal::WireDecoder* decoder, ::fidl::internal::WirePosition position, RecursionDepth<IsRecursive> recursion_depth) {
  WireCodingTraits<::fidl::WireResponse<::test_inheritance::Sub::Foo>, WireCodingConstraintEmpty, IsRecursive>::Decode(
      decoder, position + sizeof(fidl_message_header_t), recursion_depth);
}

template struct ::fidl::internal::WireCodingTraits<::fidl::internal::TransactionalResponse<::test_inheritance::Sub::Foo>, ::fidl::internal::WireCodingConstraintEmpty, true>;
template struct ::fidl::internal::WireCodingTraits<::fidl::internal::TransactionalResponse<::test_inheritance::Sub::Foo>, ::fidl::internal::WireCodingConstraintEmpty, false>;

::fidl::WireResult<::test_inheritance::Sub::Foo>
fidl::internal::WireSyncClientImpl<::test_inheritance::Sub>::Foo(::fidl::StringView s) {
  ::fidl::internal::TransactionalRequest<::test_inheritance::Sub::Foo> _request{s};
  return ::fidl::WireResult<::test_inheritance::Sub::Foo>(
      ::fidl::UnownedClientEnd<::test_inheritance::Sub>(_transport().get<::fidl::internal::ChannelTransport>()), &_request);
}

::fidl::WireUnownedResult<::test_inheritance::Sub::Foo>
fidl::internal::WireSyncBufferClientImpl<::test_inheritance::Sub>::Foo(::fidl::StringView s) {
  ::fidl::internal::TransactionalRequest<::test_inheritance::Sub::Foo> _request{s};
  return ::fidl::WireUnownedResult<::test_inheritance::Sub::Foo>(
      ::fidl::UnownedClientEnd<::test_inheritance::Sub>(_transport().get<::fidl::internal::ChannelTransport>()), _allocator(), &_request);
}

#pragma clang diagnostic pop

#endif  // __Fuchsia__
