// WARNING: This file is machine generated by fidlgen.

// fidl_experiment = output_index_json

#pragma once

#include <lib/fidl/cpp/wire/internal/transport.h>
#include <lib/fidl/cpp/wire/unknown_interactions.h>

namespace test_protocolpayloads {

class MainProtocol final {
  MainProtocol() = delete;

 public:
  using Transport = ::fidl::internal::ChannelTransport;

  static constexpr ::fidl::internal::Openness kOpenness = ::fidl::internal::Openness::kClosed;

  class OneWayComposed final {
    OneWayComposed() = delete;

   public:
    using Protocol = ::test_protocolpayloads::MainProtocol;
    static constexpr bool kHasClientToServer = true;
    static constexpr bool kHasClientToServerBody = true;
    static constexpr bool kHasServerToClient = false;
    static constexpr bool kHasServerToClientBody = false;

    static constexpr bool kHasNonEmptyUserFacingResponse = false;
    static constexpr bool kHasDomainError = false;
    static constexpr bool kHasFrameworkError = false;

    static constexpr uint64_t kOrdinal = 2602591870026304272;
  };
  class TwoWayComposed final {
    TwoWayComposed() = delete;

   public:
    using Protocol = ::test_protocolpayloads::MainProtocol;
    static constexpr bool kHasClientToServer = true;
    static constexpr bool kHasClientToServerBody = true;
    static constexpr bool kHasServerToClient = true;
    static constexpr bool kHasServerToClientBody = true;

    static constexpr bool kHasNonEmptyUserFacingResponse = true;
    static constexpr bool kHasDomainError = false;
    static constexpr bool kHasFrameworkError = false;

    static constexpr uint64_t kOrdinal = 2542459230546612144;
  };
  class TwoWayComposedWithError final {
    TwoWayComposedWithError() = delete;

   public:
    using Protocol = ::test_protocolpayloads::MainProtocol;
    static constexpr bool kHasClientToServer = true;
    static constexpr bool kHasClientToServerBody = true;
    static constexpr bool kHasServerToClient = true;
    static constexpr bool kHasServerToClientBody = true;

    static constexpr bool kHasNonEmptyUserFacingResponse = true;
    static constexpr bool kHasDomainError = true;
    static constexpr bool kHasFrameworkError = false;

    static constexpr uint64_t kOrdinal = 7681984876526769495;
  };
  class OnComposed final {
    OnComposed() = delete;

   public:
    using Protocol = ::test_protocolpayloads::MainProtocol;
    static constexpr bool kHasClientToServer = false;
    static constexpr bool kHasClientToServerBody = false;
    static constexpr bool kHasServerToClient = true;
    static constexpr bool kHasServerToClientBody = true;

    static constexpr bool kHasNonEmptyUserFacingResponse = true;
    static constexpr bool kHasDomainError = false;
    static constexpr bool kHasFrameworkError = false;

    static constexpr uint64_t kOrdinal = 1872339328378152762;
  };
  class OneWayLocal final {
    OneWayLocal() = delete;

   public:
    using Protocol = ::test_protocolpayloads::MainProtocol;
    static constexpr bool kHasClientToServer = true;
    static constexpr bool kHasClientToServerBody = true;
    static constexpr bool kHasServerToClient = false;
    static constexpr bool kHasServerToClientBody = false;

    static constexpr bool kHasNonEmptyUserFacingResponse = false;
    static constexpr bool kHasDomainError = false;
    static constexpr bool kHasFrameworkError = false;

    static constexpr uint64_t kOrdinal = 7755175439334311701;
  };
  class TwoWayLocal final {
    TwoWayLocal() = delete;

   public:
    using Protocol = ::test_protocolpayloads::MainProtocol;
    static constexpr bool kHasClientToServer = true;
    static constexpr bool kHasClientToServerBody = true;
    static constexpr bool kHasServerToClient = true;
    static constexpr bool kHasServerToClientBody = true;

    static constexpr bool kHasNonEmptyUserFacingResponse = true;
    static constexpr bool kHasDomainError = false;
    static constexpr bool kHasFrameworkError = false;

    static constexpr uint64_t kOrdinal = 8374292137648566031;
  };
  class TwoWayLocalWithError final {
    TwoWayLocalWithError() = delete;

   public:
    using Protocol = ::test_protocolpayloads::MainProtocol;
    static constexpr bool kHasClientToServer = true;
    static constexpr bool kHasClientToServerBody = true;
    static constexpr bool kHasServerToClient = true;
    static constexpr bool kHasServerToClientBody = true;

    static constexpr bool kHasNonEmptyUserFacingResponse = true;
    static constexpr bool kHasDomainError = true;
    static constexpr bool kHasFrameworkError = false;

    static constexpr uint64_t kOrdinal = 2898559119954589948;
  };
  class OnLocal final {
    OnLocal() = delete;

   public:
    using Protocol = ::test_protocolpayloads::MainProtocol;
    static constexpr bool kHasClientToServer = false;
    static constexpr bool kHasClientToServerBody = false;
    static constexpr bool kHasServerToClient = true;
    static constexpr bool kHasServerToClientBody = true;

    static constexpr bool kHasNonEmptyUserFacingResponse = true;
    static constexpr bool kHasDomainError = false;
    static constexpr bool kHasFrameworkError = false;

    static constexpr uint64_t kOrdinal = 5135782819583756313;
  };
  class OneWayImport final {
    OneWayImport() = delete;

   public:
    using Protocol = ::test_protocolpayloads::MainProtocol;
    static constexpr bool kHasClientToServer = true;
    static constexpr bool kHasClientToServerBody = true;
    static constexpr bool kHasServerToClient = false;
    static constexpr bool kHasServerToClientBody = false;

    static constexpr bool kHasNonEmptyUserFacingResponse = false;
    static constexpr bool kHasDomainError = false;
    static constexpr bool kHasFrameworkError = false;

    static constexpr uint64_t kOrdinal = 3344777159365288972;
  };
  class TwoWayImport final {
    TwoWayImport() = delete;

   public:
    using Protocol = ::test_protocolpayloads::MainProtocol;
    static constexpr bool kHasClientToServer = true;
    static constexpr bool kHasClientToServerBody = true;
    static constexpr bool kHasServerToClient = true;
    static constexpr bool kHasServerToClientBody = true;

    static constexpr bool kHasNonEmptyUserFacingResponse = true;
    static constexpr bool kHasDomainError = false;
    static constexpr bool kHasFrameworkError = false;

    static constexpr uint64_t kOrdinal = 2374708679656510579;
  };
  class TwoWayImportWithError final {
    TwoWayImportWithError() = delete;

   public:
    using Protocol = ::test_protocolpayloads::MainProtocol;
    static constexpr bool kHasClientToServer = true;
    static constexpr bool kHasClientToServerBody = true;
    static constexpr bool kHasServerToClient = true;
    static constexpr bool kHasServerToClientBody = true;

    static constexpr bool kHasNonEmptyUserFacingResponse = true;
    static constexpr bool kHasDomainError = true;
    static constexpr bool kHasFrameworkError = false;

    static constexpr uint64_t kOrdinal = 4286143084949642173;
  };
  class OnImport final {
    OnImport() = delete;

   public:
    using Protocol = ::test_protocolpayloads::MainProtocol;
    static constexpr bool kHasClientToServer = false;
    static constexpr bool kHasClientToServerBody = false;
    static constexpr bool kHasServerToClient = true;
    static constexpr bool kHasServerToClientBody = true;

    static constexpr bool kHasNonEmptyUserFacingResponse = true;
    static constexpr bool kHasDomainError = false;
    static constexpr bool kHasFrameworkError = false;

    static constexpr uint64_t kOrdinal = 1996489653379631369;
  };
  class OneWayAnon final {
    OneWayAnon() = delete;

   public:
    using Protocol = ::test_protocolpayloads::MainProtocol;
    static constexpr bool kHasClientToServer = true;
    static constexpr bool kHasClientToServerBody = true;
    static constexpr bool kHasServerToClient = false;
    static constexpr bool kHasServerToClientBody = false;

    static constexpr bool kHasNonEmptyUserFacingResponse = false;
    static constexpr bool kHasDomainError = false;
    static constexpr bool kHasFrameworkError = false;

    static constexpr uint64_t kOrdinal = 811587311021806764;
  };
  class TwoWayAnon final {
    TwoWayAnon() = delete;

   public:
    using Protocol = ::test_protocolpayloads::MainProtocol;
    static constexpr bool kHasClientToServer = true;
    static constexpr bool kHasClientToServerBody = true;
    static constexpr bool kHasServerToClient = true;
    static constexpr bool kHasServerToClientBody = true;

    static constexpr bool kHasNonEmptyUserFacingResponse = true;
    static constexpr bool kHasDomainError = false;
    static constexpr bool kHasFrameworkError = false;

    static constexpr uint64_t kOrdinal = 629880979996923737;
  };
  class TwoWayAnonWithError final {
    TwoWayAnonWithError() = delete;

   public:
    using Protocol = ::test_protocolpayloads::MainProtocol;
    static constexpr bool kHasClientToServer = true;
    static constexpr bool kHasClientToServerBody = true;
    static constexpr bool kHasServerToClient = true;
    static constexpr bool kHasServerToClientBody = true;

    static constexpr bool kHasNonEmptyUserFacingResponse = true;
    static constexpr bool kHasDomainError = true;
    static constexpr bool kHasFrameworkError = false;

    static constexpr uint64_t kOrdinal = 6368863385719175734;
  };
  class OnAnon final {
    OnAnon() = delete;

   public:
    using Protocol = ::test_protocolpayloads::MainProtocol;
    static constexpr bool kHasClientToServer = false;
    static constexpr bool kHasClientToServerBody = false;
    static constexpr bool kHasServerToClient = true;
    static constexpr bool kHasServerToClientBody = true;

    static constexpr bool kHasNonEmptyUserFacingResponse = true;
    static constexpr bool kHasDomainError = false;
    static constexpr bool kHasFrameworkError = false;

    static constexpr uint64_t kOrdinal = 4815229650203439104;
  };
};

}  // namespace test_protocolpayloads
namespace fidl {

template <>
struct IsProtocol<::test_protocolpayloads::MainProtocol> : public std::true_type {};

}  // namespace fidl
