// WARNING: This file is machine generated by fidlgen.

// fidl_experiment = output_index_json
#ifdef __Fuchsia__

#include <fidl/test.transitivedependenciescompose/cpp/wire_messaging.h>

#include <memory>

#pragma clang diagnostic push
#pragma clang diagnostic ignored "-Wshadow"

namespace test_transitivedependenciescompose {

[[maybe_unused]]
constexpr uint64_t kTop_GetFoo_Ordinal = 2618685789258237543lu;

[[maybe_unused]]
constexpr ::fidl::MessageDynamicFlags kTop_GetFoo_DynamicFlags = ::fidl::MessageDynamicFlags::kStrictMethod;
static_assert(sizeof(::fidl::WireResponse<::test_transitivedependenciescompose::Top::GetFoo>) == ::fidl::TypeTraits<::fidl::WireResponse<::test_transitivedependenciescompose::Top::GetFoo>>::kPrimarySize);
static_assert(offsetof(::fidl::WireResponse<::test_transitivedependenciescompose::Top::GetFoo>, foo) == 0);
static_assert(sizeof(::fidl::internal::TransactionalResponse<::test_transitivedependenciescompose::Top::GetFoo>) == ::fidl::TypeTraits<::fidl::internal::TransactionalResponse<::test_transitivedependenciescompose::Top::GetFoo>>::kPrimarySize);
static_assert(offsetof(::fidl::internal::TransactionalResponse<::test_transitivedependenciescompose::Top::GetFoo>, header) == 0);
static_assert(offsetof(::fidl::internal::TransactionalResponse<::test_transitivedependenciescompose::Top::GetFoo>, body) == sizeof(fidl_message_header_t));
}  // namespace test_transitivedependenciescompose

::fidl::WireResult<::test_transitivedependenciescompose::Top::GetFoo>::WireResult(
    ::fidl::UnownedClientEnd<::test_transitivedependenciescompose::Top> client,
    ::fidl::internal::TransactionalRequest<::test_transitivedependenciescompose::Top::GetFoo>* request) {
  FIDL_INTERNAL_DISABLE_AUTO_VAR_INIT
  ::fidl::internal::OwnedEncodedMessage<::fidl::internal::TransactionalRequest<::test_transitivedependenciescompose::Top::GetFoo>, ::fidl::internal::ChannelTransport> request_message(
      ::fidl::internal::AllowUnownedInputRef{}, request);
  auto& outgoing = request_message.GetOutgoingMessage();
  ::fidl::internal::IncomingMessageHandleStorage<::fidl::internal::TransactionalResponse<::test_transitivedependenciescompose::Top::GetFoo>> handle_storage;
  ::fit::result decoded = ::fidl::internal::InplaceDecodeTransactionalResponse<::test_transitivedependenciescompose::Top::GetFoo>(
      outgoing.Call(client.handle(), handle_storage.view(bytes_.view()), fidl::CallOptions{}));
  SetStatus(::fidl::internal::StatusFromResult(decoded));
  if (ok()) {
    decoded_ = std::move(decoded.value());
    ExtractValueFromDecoded(decoded_.pointer());
  }
}

::fidl::WireResult<::test_transitivedependenciescompose::Top::GetFoo>::WireResult(const ::fidl::Status& result) : ::fidl::BaseWireResult<::test_transitivedependenciescompose::Top::GetFoo>(result) {}

::fidl::WireUnownedResult<::test_transitivedependenciescompose::Top::GetFoo>::WireUnownedResult(::fidl::UnownedClientEnd<::test_transitivedependenciescompose::Top> client_end, ::fidl::internal::AnyBufferAllocator& allocator, ::fidl::internal::TransactionalRequest<::test_transitivedependenciescompose::Top::GetFoo>* request) {
  constexpr uint32_t buffer_size = ::fidl::SyncClientMethodBufferSizeInChannel<::test_transitivedependenciescompose::Top::GetFoo>();
  ::fit::result<::fidl::Error, ::fidl::BufferSpan> allocation = allocator.TryAllocate(buffer_size);
  if (!allocation.is_ok()) {
    SetStatus(allocation.error_value());
    return;
  }
  uint8_t* buffer = allocation->data;
  constexpr uint32_t request_byte_capacity = ::fidl::MaxSizeInChannel<
      ::fidl::internal::TransactionalRequest<::test_transitivedependenciescompose::Top::GetFoo>, ::fidl::MessageDirection::kSending>();
  uint8_t* request_bytes = buffer;
  static_assert(buffer_size > request_byte_capacity);
  uint32_t response_byte_capacity = buffer_size - request_byte_capacity;
  uint8_t* response_bytes = &buffer[request_byte_capacity];

  ::fidl::internal::UnownedEncodedMessage<::fidl::internal::TransactionalRequest<::test_transitivedependenciescompose::Top::GetFoo>> request_message(
      request_bytes, request_byte_capacity, request);
  auto& outgoing = request_message.GetOutgoingMessage();
  ::fidl::internal::IncomingMessageHandleStorage<::fidl::internal::TransactionalResponse<::test_transitivedependenciescompose::Top::GetFoo>> handle_storage;
  ::fit::result decoded = ::fidl::internal::InplaceDecodeTransactionalResponse<::test_transitivedependenciescompose::Top::GetFoo>(
      outgoing.Call(
          client_end.handle(),
          handle_storage.view(fidl::BufferSpan(response_bytes, response_byte_capacity))));
  SetStatus(::fidl::internal::StatusFromResult(decoded));
  if (ok()) {
    decoded_ = std::move(decoded.value());
    ExtractValueFromDecoded(decoded_.pointer());
  }
}
::fidl::WireUnownedResult<::test_transitivedependenciescompose::Top::GetFoo>::WireUnownedResult(::fidl::WireResponse<::test_transitivedependenciescompose::Top::GetFoo>* response)
    : ::fidl::BaseWireResult<::test_transitivedependenciescompose::Top::GetFoo>(fidl::Status::Ok()), decoded_(response) {
  ExtractValueFromDecoded(decoded_.pointer());
}

::fidl::WireUnownedResult<::test_transitivedependenciescompose::Top::GetFoo>::WireUnownedResult(
    ::fit::result<::fidl::Error, ::fidl::DecodedValue<::fidl::WireResponse<::test_transitivedependenciescompose::Top::GetFoo>>>&& decoded,
    ::fidl::internal::MessageStorageViewBase* storage_view) : ::fidl::BaseWireResult<::test_transitivedependenciescompose::Top::GetFoo>(::fidl::internal::StatusFromResult(decoded)) {
  if (decoded.is_ok()) {
    decoded_ = std::move(decoded.value());
    ExtractValueFromDecoded(decoded_.pointer());
  }
}

::fidl::WireUnownedResult<::test_transitivedependenciescompose::Top::GetFoo>::WireUnownedResult(const ::fidl::Status& result) : ::fidl::BaseWireResult<::test_transitivedependenciescompose::Top::GetFoo>(result) {}

::fidl::internal::WireThenable<::test_transitivedependenciescompose::Top::GetFoo> fidl::internal::WireWeakAsyncClientImpl<::test_transitivedependenciescompose::Top>::GetFoo() {
  ::fidl::internal::TransactionalRequest<::test_transitivedependenciescompose::Top::GetFoo> _request{};
  return ::fidl::internal::WireThenable<::test_transitivedependenciescompose::Top::GetFoo>{
      _client_base(), ::fidl::WriteOptions{}, ::fidl::internal::AllowUnownedInputRef{}, &_request};
}
::fidl::internal::WireBufferThenable<::test_transitivedependenciescompose::Top::GetFoo> fidl::internal::WireWeakAsyncBufferClientImpl<::test_transitivedependenciescompose::Top>::GetFoo() {
  constexpr uint32_t _buffer_size = ::fidl::AsyncClientMethodBufferSizeInChannel<::test_transitivedependenciescompose::Top::GetFoo>();
  ::fidl::internal::TransactionalRequest<::test_transitivedependenciescompose::Top::GetFoo> _request{};
  return ::fidl::internal::WireBufferThenable<::test_transitivedependenciescompose::Top::GetFoo>{
      _client_base(), ::fidl::WriteOptions{}, _allocator(), _buffer_size, &_request};
}

::fidl::WireResult<::test_transitivedependenciescompose::Top::GetFoo>
fidl::internal::WireWeakSyncClientImpl<::test_transitivedependenciescompose::Top>::GetFoo() {
  return _client_base()->MakeSyncCallWith(
      [&](std::shared_ptr<::fidl::internal::AnyTransport> _transport) {
        ::fidl::internal::TransactionalRequest<::test_transitivedependenciescompose::Top::GetFoo> _request{};
        return ::fidl::WireResult<::test_transitivedependenciescompose::Top::GetFoo>(::fidl::UnownedClientEnd<::test_transitivedependenciescompose::Top>(_transport->get<::fidl::internal::ChannelTransport>()), &_request);
      });
}

::fidl::internal::WireEventDispatcher<::test_transitivedependenciescompose::Top>::WireEventDispatcher(::fidl::internal::WireEventHandlerInterface<::test_transitivedependenciescompose::Top>* event_handler)
    : IncomingEventDispatcher(event_handler) {}

::fidl::Status fidl::WireSyncEventHandler<::test_transitivedependenciescompose::Top>::HandleOneEvent(
    ::fidl::UnownedClientEnd<::test_transitivedependenciescompose::Top> client_end) {
  ::fidl::internal::IncomingEventsStorage<::test_transitivedependenciescompose::Top> event_storage;
  fidl::internal::WireEventDispatcher<::test_transitivedependenciescompose::Top> dispatcher{this};
  return HandleOneEventImpl_(client_end.channel(), event_storage.view(), dispatcher);
}

constexpr ::fidl::internal::MethodEntry fidl::internal::WireServerDispatcher<::test_transitivedependenciescompose::Top>::entries_[] = {
    {
        ::test_transitivedependenciescompose::kTop_GetFoo_Ordinal,
        [](void* interface, ::fidl::EncodedMessage& msg, ::fidl::WireFormatMetadata metadata,
           internal::MessageStorageViewBase* storage_view, ::fidl::Transaction* txn) {
          ::fit::result decoded = ::fidl::internal::DecodeTransactionalMessageWithoutBody(
              msg, metadata);
          if (unlikely(!decoded.is_ok())) {
            return decoded.error_value();
          }
          ::fidl::internal::WireCompleter<::test_transitivedependenciescompose::Top::GetFoo>::Sync completer(txn);
          reinterpret_cast<::fidl::WireServer<::test_transitivedependenciescompose::Top>*>(interface)->GetFoo(
              completer);
          return ::fidl::Status::Ok();
        },
    },
};

const ::fidl::internal::MethodEntry* fidl::internal::WireServerDispatcher<::test_transitivedependenciescompose::Top>::entries_end_ =
    &entries_[1];

::fidl::DispatchResult fidl::internal::WireServerDispatcher<::test_transitivedependenciescompose::Top>::TryDispatch(
    ::fidl::WireServer<::test_transitivedependenciescompose::Top>* impl, ::fidl::IncomingHeaderAndMessage& msg,
    internal::MessageStorageViewBase* storage_view, ::fidl::Transaction* txn) {
  return ::fidl::internal::TryDispatch(
      impl, msg, storage_view, txn, entries_, entries_end_);
}

void fidl::internal::WireServerDispatcher<::test_transitivedependenciescompose::Top>::Dispatch(::fidl::WireServer<::test_transitivedependenciescompose::Top>* impl, ::fidl::IncomingHeaderAndMessage&& msg,
                                                                                               internal::MessageStorageViewBase* storage_view, ::fidl::Transaction* txn) {
  ::fidl::internal::Dispatch(impl, msg, storage_view, txn, entries_, entries_end_,
                             &unknown_method_handler_entry_);
}

void fidl::WireServer<::test_transitivedependenciescompose::Top>::dispatch_message(
    ::fidl::IncomingHeaderAndMessage&& msg, ::fidl::Transaction* txn,
    ::fidl::internal::MessageStorageViewBase* storage_view) {
  ::fidl::internal::WireServerDispatcher<::test_transitivedependenciescompose::Top>::Dispatch(this, std::move(msg), storage_view, txn);
}

fidl::WireServer<::test_transitivedependenciescompose::Top>::Handler fidl::WireServer<::test_transitivedependenciescompose::Top>::bind_handler(async_dispatcher_t* dispatcher) {
  return [impl = this, dispatcher = dispatcher](::fidl::ServerEnd<::test_transitivedependenciescompose::Top> request) {
    (void)::fidl::BindServer(dispatcher, std::move(request), impl);
  };
}

void fidl::internal::WireCompleterImpl<::test_transitivedependenciescompose::Top::GetFoo>::Reply(const ::test_bottom::wire::Foo& foo) {
  return MakeReply(foo);
}

void fidl::internal::WireCompleterImpl<::test_transitivedependenciescompose::Top::GetFoo>::MakeReply(const ::test_bottom::wire::Foo& foo) {
  ::fidl::internal::TransactionalResponse<::test_transitivedependenciescompose::Top::GetFoo> _response{foo};
  FIDL_INTERNAL_DISABLE_AUTO_VAR_INIT
  ::fidl::internal::OwnedEncodedMessage<
      ::fidl::internal::TransactionalResponse<::test_transitivedependenciescompose::Top::GetFoo>, ::fidl::internal::ChannelTransport>
      _response_message{
          ::fidl::internal::AllowUnownedInputRef{}, &_response};
  return _core()->SendReply(&_response_message.GetOutgoingMessage(),
                            ::fidl::internal::OutgoingTransportContext());
}

void fidl::internal::WireBufferCompleterImpl<::test_transitivedependenciescompose::Top::GetFoo>::Reply(const ::test_bottom::wire::Foo& foo) {
  return MakeReply(foo);
}

void fidl::internal::WireBufferCompleterImpl<::test_transitivedependenciescompose::Top::GetFoo>::MakeReply(const ::test_bottom::wire::Foo& foo) {
  ::fidl::internal::TransactionalResponse<::test_transitivedependenciescompose::Top::GetFoo> _response{foo};
  constexpr uint32_t _buffer_size = ::fidl::ServerReplyBufferSizeInChannel<::test_transitivedependenciescompose::Top::GetFoo>();
  ::fit::result<::fidl::Error, ::fidl::BufferSpan> _allocation =
      _allocator().TryAllocate(_buffer_size);
  if (!_allocation.is_ok()) {
    ::fidl::OutgoingMessage _failure{_allocation.error_value()};
    return _core()->SendReply(&_failure, ::fidl::internal::OutgoingTransportContext());
  }
  ::fidl::internal::UnownedEncodedMessage<
      ::fidl::internal::TransactionalResponse<::test_transitivedependenciescompose::Top::GetFoo>, ::fidl::internal::ChannelTransport>
      _response_message(
          _allocation->data, _buffer_size, &_response);
  return _core()->SendReply(&_response_message.GetOutgoingMessage(),
                            ::fidl::internal::OutgoingTransportContext());
}

fidl::internal::WireCompleterBase<::test_transitivedependenciescompose::Top::GetFoo>::WireCompleterBase(::fidl::Transaction* transaction, bool owned, bool expects_reply)
    : CompleterBase(transaction, owned, expects_reply),
      WireCompleterImpl(this) {}
fidl::internal::WireCompleterBase<::test_transitivedependenciescompose::Top::GetFoo>::WireCompleterBase(WireCompleterBase&& other) noexcept
    : CompleterBase(std::move(other)), WireCompleterImpl(this) {}

::fidl::internal::WireCompleterBase<::test_transitivedependenciescompose::Top::GetFoo>& fidl::internal::WireCompleterBase<::test_transitivedependenciescompose::Top::GetFoo>::operator=(WireCompleterBase&& other) noexcept {
  CompleterBase::operator=(std::move(other));
  WireCompleterImpl::_set_core(this);
  return *this;
}

::fidl::internal::TransactionalRequest<::test_transitivedependenciescompose::Top::GetFoo>::TransactionalRequest() {
  ::fidl::InitTxnHeader(&header, 0, ::test_transitivedependenciescompose::kTop_GetFoo_Ordinal, ::test_transitivedependenciescompose::kTop_GetFoo_DynamicFlags);
}

template <bool IsRecursive>
void ::fidl::internal::WireCodingTraits<::fidl::internal::TransactionalRequest<::test_transitivedependenciescompose::Top::GetFoo>, ::fidl::internal::WireCodingConstraintEmpty, IsRecursive>::Encode(internal::WireEncoder* encoder,
                                                                                                                                                                                                     ::fidl::internal::TransactionalRequest<::test_transitivedependenciescompose::Top::GetFoo>* value, ::fidl::internal::WirePosition position, RecursionDepth<IsRecursive> recursion_depth) {
  *position.As<fidl_message_header_t>() = value->header;
}

template <bool IsRecursive>
void ::fidl::internal::WireCodingTraits<::fidl::internal::TransactionalRequest<::test_transitivedependenciescompose::Top::GetFoo>, ::fidl::internal::WireCodingConstraintEmpty, IsRecursive>::Decode(
    internal::WireDecoder* decoder, ::fidl::internal::WirePosition position, RecursionDepth<IsRecursive> recursion_depth) {
}

template struct ::fidl::internal::WireCodingTraits<::fidl::internal::TransactionalRequest<::test_transitivedependenciescompose::Top::GetFoo>, ::fidl::internal::WireCodingConstraintEmpty, true>;
template struct ::fidl::internal::WireCodingTraits<::fidl::internal::TransactionalRequest<::test_transitivedependenciescompose::Top::GetFoo>, ::fidl::internal::WireCodingConstraintEmpty, false>;

::fidl::WireResponse<::test_transitivedependenciescompose::Top::GetFoo>::WireResponse(::test_bottom::wire::BottomGetFooResponse base) : ::test_bottom::wire::BottomGetFooResponse(std::move(base)) {}
::fidl::WireResponse<::test_transitivedependenciescompose::Top::GetFoo>::WireResponse(const ::test_bottom::wire::Foo& foo) : ::test_bottom::wire::BottomGetFooResponse{.foo = std::move(foo)} {}

::fidl::internal::TransactionalResponse<::test_transitivedependenciescompose::Top::GetFoo>::TransactionalResponse(const ::test_bottom::wire::Foo& foo)
    : body(::fidl::WireResponse<::test_transitivedependenciescompose::Top::GetFoo>(foo)) {
  ::fidl::InitTxnHeader(&header, 0, ::test_transitivedependenciescompose::kTop_GetFoo_Ordinal, ::test_transitivedependenciescompose::kTop_GetFoo_DynamicFlags);
}
::fidl::internal::TransactionalResponse<::test_transitivedependenciescompose::Top::GetFoo>::TransactionalResponse() {
  ::fidl::InitTxnHeader(&header, 0, ::test_transitivedependenciescompose::kTop_GetFoo_Ordinal, ::test_transitivedependenciescompose::kTop_GetFoo_DynamicFlags);
}

template <bool IsRecursive>
void ::fidl::internal::WireCodingTraits<::fidl::WireResponse<::test_transitivedependenciescompose::Top::GetFoo>, ::fidl::internal::WireCodingConstraintEmpty, IsRecursive>::Encode(
    internal::WireEncoder* encoder, ::fidl::WireResponse<::test_transitivedependenciescompose::Top::GetFoo>* value, ::fidl::internal::WirePosition position, RecursionDepth<IsRecursive> recursion_depth) {
  fidl::internal::WireCodingTraits<::test_bottom::wire::BottomGetFooResponse, ::fidl::internal::WireCodingConstraintEmpty, IsRecursive>::Encode(
      encoder, value, position, recursion_depth);
}
template <bool IsRecursive>
void ::fidl::internal::WireCodingTraits<::fidl::WireResponse<::test_transitivedependenciescompose::Top::GetFoo>, ::fidl::internal::WireCodingConstraintEmpty, IsRecursive>::Decode(
    internal::WireDecoder* decoder, ::fidl::internal::WirePosition position, RecursionDepth<IsRecursive> recursion_depth) {
  fidl::internal::WireCodingTraits<::test_bottom::wire::BottomGetFooResponse, ::fidl::internal::WireCodingConstraintEmpty, IsRecursive>::Decode(
      decoder, position, recursion_depth);
}
template struct ::fidl::internal::WireCodingTraits<::fidl::WireResponse<::test_transitivedependenciescompose::Top::GetFoo>, ::fidl::internal::WireCodingConstraintEmpty, true>;
template struct ::fidl::internal::WireCodingTraits<::fidl::WireResponse<::test_transitivedependenciescompose::Top::GetFoo>, ::fidl::internal::WireCodingConstraintEmpty, false>;

template <bool IsRecursive>
void ::fidl::internal::WireCodingTraits<::fidl::internal::TransactionalResponse<::test_transitivedependenciescompose::Top::GetFoo>, ::fidl::internal::WireCodingConstraintEmpty, IsRecursive>::Encode(internal::WireEncoder* encoder,
                                                                                                                                                                                                      ::fidl::internal::TransactionalResponse<::test_transitivedependenciescompose::Top::GetFoo>* value, ::fidl::internal::WirePosition position, RecursionDepth<IsRecursive> recursion_depth) {
  *position.As<fidl_message_header_t>() = value->header;
  WireCodingTraits<::fidl::WireResponse<::test_transitivedependenciescompose::Top::GetFoo>, WireCodingConstraintEmpty, IsRecursive>::Encode(
      encoder, &value->body, position + sizeof(fidl_message_header_t), recursion_depth);
}

template <bool IsRecursive>
void ::fidl::internal::WireCodingTraits<::fidl::internal::TransactionalResponse<::test_transitivedependenciescompose::Top::GetFoo>, ::fidl::internal::WireCodingConstraintEmpty, IsRecursive>::Decode(
    internal::WireDecoder* decoder, ::fidl::internal::WirePosition position, RecursionDepth<IsRecursive> recursion_depth) {
  WireCodingTraits<::fidl::WireResponse<::test_transitivedependenciescompose::Top::GetFoo>, WireCodingConstraintEmpty, IsRecursive>::Decode(
      decoder, position + sizeof(fidl_message_header_t), recursion_depth);
}

template struct ::fidl::internal::WireCodingTraits<::fidl::internal::TransactionalResponse<::test_transitivedependenciescompose::Top::GetFoo>, ::fidl::internal::WireCodingConstraintEmpty, true>;
template struct ::fidl::internal::WireCodingTraits<::fidl::internal::TransactionalResponse<::test_transitivedependenciescompose::Top::GetFoo>, ::fidl::internal::WireCodingConstraintEmpty, false>;

::fidl::WireResult<::test_transitivedependenciescompose::Top::GetFoo>
fidl::internal::WireSyncClientImpl<::test_transitivedependenciescompose::Top>::GetFoo() {
  ::fidl::internal::TransactionalRequest<::test_transitivedependenciescompose::Top::GetFoo> _request{};
  return ::fidl::WireResult<::test_transitivedependenciescompose::Top::GetFoo>(
      ::fidl::UnownedClientEnd<::test_transitivedependenciescompose::Top>(_transport().get<::fidl::internal::ChannelTransport>()), &_request);
}

::fidl::WireUnownedResult<::test_transitivedependenciescompose::Top::GetFoo>
fidl::internal::WireSyncBufferClientImpl<::test_transitivedependenciescompose::Top>::GetFoo() {
  ::fidl::internal::TransactionalRequest<::test_transitivedependenciescompose::Top::GetFoo> _request{};
  return ::fidl::WireUnownedResult<::test_transitivedependenciescompose::Top::GetFoo>(
      ::fidl::UnownedClientEnd<::test_transitivedependenciescompose::Top>(_transport().get<::fidl::internal::ChannelTransport>()), _allocator(), &_request);
}

#pragma clang diagnostic pop

#endif  // __Fuchsia__
