{
  "name": "unset",
  "description": "Clears the configured default target",
  "examples": [
    "To clear the default target:\n\n    $ ffx target default unset"
  ],
  "flags": [
    {
      "kind": "Switch",
      "optionality": "optional",
      "long": "--help",
      "short": null,
      "description": "display usage information",
      "hidden": false
    }
  ],
  "notes": [
    "Clears the `target.default` configuration key on all configuration\nlevels. Returns a warning if it's already unset. Returns an error if it's not\npossible to clear it."
  ],
  "commands": [],
  "positionals": [],
  "error_codes": []
}