{
  "name": "test.bits",
  "lib_declarations": [
    {
      "is_virtual": false,
      "file": "../../tools/fidl/fidlc/testdata/bits.test.fidl",
      "data": "test.bits",
      "start_offset": 36,
      "end_offset": 45
    }
  ],
  "using_declarations": [],
  "dependencies": [],
  "dependency_identifiers": [],
  "consts": [],
  "enums": [],
  "unions": [],
  "tables": [],
  "structs": [],
  "protocols": []
}
