{
  "name": "show",
  "description": "Inspect content of a package",
  "examples": [],
  "flags": [
    {
      "kind": "Switch",
      "optionality": "optional",
      "long": "--help",
      "short": null,
      "description": "display usage information",
      "hidden": false
    },
    {
      "kind": {
        "Option": {
          "arg_name": "repository"
        }
      },
      "optionality": "optional",
      "long": "--repository",
      "short": "r",
      "description": "list package contents from this repository.",
      "hidden": false
    },
    {
      "kind": {
        "Option": {
          "arg_name": "port"
        }
      },
      "optionality": "optional",
      "long": "--port",
      "short": "p",
      "description": "repository server port number. Required to disambiguate multiple repositories with the same name.",
      "hidden": false
    },
    {
      "kind": {
        "Option": {
          "arg_name": "repo-path"
        }
      },
      "optionality": "optional",
      "long": "--repo-path",
      "short": null,
      "description": "list packages stored in the repository stored on disk.",
      "hidden": false
    },
    {
      "kind": "Switch",
      "optionality": "optional",
      "long": "--full-hash",
      "short": null,
      "description": "if true, package hashes will be displayed in full (i.e. not truncated).",
      "hidden": false
    },
    {
      "kind": {
        "Option": {
          "arg_name": "include-subpackages"
        }
      },
      "optionality": "optional",
      "long": "--include-subpackages",
      "short": null,
      "description": "if true, show contents of subpackages contained in the package.",
      "hidden": false
    }
  ],
  "notes": [],
  "commands": [],
  "positionals": [
    {
      "name": "package",
      "description": "list this package's contents.",
      "optionality": "required",
      "hidden": false
    }
  ],
  "error_codes": []
}